
Install Cobalt 0.3.3 (stable)
  Platform: linux-x86_64
  Host command: /workspace/Cobalt/target/installer-tests/home-clean/.local/bin/kobo
  Stable setup package: cobalt-0.3.3-KoboRoot.tgz
  Source commit: 0123456789abcdef0123456789abcdef01234567
Installed kobo 0.3.3 at /workspace/Cobalt/target/installer-tests/home-clean/.local/bin/kobo.
Run 'kobo setup' later with the charged reader connected by USB.

Install Cobalt 0.3.3 (stable)
  Platform: linux-x86_64
  Host command: /workspace/Cobalt/target/installer-tests/home-clean/.local/bin/kobo
  Stable setup package: cobalt-0.3.3-KoboRoot.tgz
  Source commit: 0123456789abcdef0123456789abcdef01234567
Installed kobo 0.3.3 at /workspace/Cobalt/target/installer-tests/home-clean/.local/bin/kobo.
Run 'kobo setup' later with the charged reader connected by USB.

Install Cobalt 0.3.5 (stable)
  Platform: linux-x86_64
  Host command: /workspace/Cobalt/target/installer-tests/home-clean/.local/bin/kobo
  Stable setup package: cobalt-0.3.5-KoboRoot.tgz
  Source commit: 0123456789abcdef0123456789abcdef01234567
Installed kobo 0.3.5 at /workspace/Cobalt/target/installer-tests/home-clean/.local/bin/kobo.
Run 'kobo setup' later with the charged reader connected by USB.

Install Cobalt 0.3.3 (stable)
  Platform: macos-arm64
  Host command: /workspace/Cobalt/target/installer-tests/home-version/.local/bin/kobo
  Stable setup package: cobalt-0.3.3-KoboRoot.tgz
  Source commit: 0123456789abcdef0123456789abcdef01234567
Installed kobo 0.3.3 at /workspace/Cobalt/target/installer-tests/home-version/.local/bin/kobo.
Run 'kobo setup' later with the charged reader connected by USB.

Install Cobalt 0.3.3 (stable)
  Platform: macos-x86_64
  Host command: /workspace/Cobalt/target/installer-tests/home-macos-x86_64/.local/bin/kobo
  Stable setup package: cobalt-0.3.3-KoboRoot.tgz
  Source commit: 0123456789abcdef0123456789abcdef01234567
Installed kobo 0.3.3 at /workspace/Cobalt/target/installer-tests/home-macos-x86_64/.local/bin/kobo.
Run 'kobo setup' later with the charged reader connected by USB.

Install Cobalt 0.3.3 (stable)
  Platform: macos-arm64
  Host command: /workspace/Cobalt/target/installer-tests/home-macos-arm64/.local/bin/kobo
  Stable setup package: cobalt-0.3.3-KoboRoot.tgz
  Source commit: 0123456789abcdef0123456789abcdef01234567
Installed kobo 0.3.3 at /workspace/Cobalt/target/installer-tests/home-macos-arm64/.local/bin/kobo.
Run 'kobo setup' later with the charged reader connected by USB.

Install Cobalt 0.3.3 (stable)
  Platform: linux-x86_64
  Host command: /workspace/Cobalt/target/installer-tests/home-linux-x86_64/.local/bin/kobo
  Stable setup package: cobalt-0.3.3-KoboRoot.tgz
  Source commit: 0123456789abcdef0123456789abcdef01234567
Installed kobo 0.3.3 at /workspace/Cobalt/target/installer-tests/home-linux-x86_64/.local/bin/kobo.
Run 'kobo setup' later with the charged reader connected by USB.

Install Cobalt 0.3.3 (stable)
  Platform: linux-arm64
  Host command: /workspace/Cobalt/target/installer-tests/home-linux-arm64/.local/bin/kobo
  Stable setup package: cobalt-0.3.3-KoboRoot.tgz
  Source commit: 0123456789abcdef0123456789abcdef01234567
Installed kobo 0.3.3 at /workspace/Cobalt/target/installer-tests/home-linux-arm64/.local/bin/kobo.
Run 'kobo setup' later with the charged reader connected by USB.
installer tests passed
