Kobo app simulator: http://127.0.0.1:34365
drive: every step passed; screenshots in /workspace/Cobalt/target/inkling-review/journey-clara-hd-376
shot /workspace/Cobalt/target/inkling-review/journey-clara-hd-376/inkling-board.png
drive: every step passed; screenshots in /workspace/Cobalt/target/inkling-review/journey-clara-hd-376
drive: every step passed; screenshots in /workspace/Cobalt/target/inkling-review/journey-clara-hd-376
shot /workspace/Cobalt/target/inkling-review/journey-clara-hd-376/inkling-help.png
drive: every step passed; screenshots in /workspace/Cobalt/target/inkling-review/journey-clara-hd-376
drive: every step passed; screenshots in /workspace/Cobalt/target/inkling-review/journey-clara-hd-376
drive: every step passed; screenshots in /workspace/Cobalt/target/inkling-review/journey-clara-hd-376
drive: every step passed; screenshots in /workspace/Cobalt/target/inkling-review/journey-clara-hd-376
drive: every step passed; screenshots in /workspace/Cobalt/target/inkling-review/journey-clara-hd-376
shot /workspace/Cobalt/target/inkling-review/journey-clara-hd-376/inkling-knowledge.png
drive: every step passed; screenshots in /workspace/Cobalt/target/inkling-review/journey-clara-hd-376
drive: every step passed; screenshots in /workspace/Cobalt/target/inkling-review/journey-clara-hd-376
shot /workspace/Cobalt/target/inkling-review/journey-clara-hd-376/inkling-solved.png
drive: every step passed; screenshots in /workspace/Cobalt/target/inkling-review/journey-clara-hd-376
drive: every step passed; screenshots in /workspace/Cobalt/target/inkling-review/journey-clara-hd-376
shot /workspace/Cobalt/target/inkling-review/journey-clara-hd-376/inkling-stats.png
drive: every step passed; screenshots in /workspace/Cobalt/target/inkling-review/journey-clara-hd-376
drive: every step passed; screenshots in /workspace/Cobalt/target/inkling-review/journey-clara-hd-376
Saved /tmp/cobalt-inkling-9m3aeza4/received/Inkling result.txt
The original remains on your reader.
Saved /tmp/cobalt-inkling-9m3aeza4/received/Inkling result (2).txt
The original remains on your reader.
drive: every step passed; screenshots in /workspace/Cobalt/target/inkling-review/journey-clara-hd-376
drive: every step passed; screenshots in /workspace/Cobalt/target/inkling-review/journey-clara-hd-376
shot /workspace/Cobalt/target/inkling-review/journey-clara-hd-376/inkling-archive-list.png
drive: every step passed; screenshots in /workspace/Cobalt/target/inkling-review/journey-clara-hd-376
drive: every step passed; screenshots in /workspace/Cobalt/target/inkling-review/journey-clara-hd-376
shot /workspace/Cobalt/target/inkling-review/journey-clara-hd-376/inkling-archive.png
drive: every step passed; screenshots in /workspace/Cobalt/target/inkling-review/journey-clara-hd-376
drive: every step passed; screenshots in /workspace/Cobalt/target/inkling-review/journey-clara-hd-376
shot /workspace/Cobalt/target/inkling-review/journey-clara-hd-376/inkling-archive-solved.png
drive: every step passed; screenshots in /workspace/Cobalt/target/inkling-review/journey-clara-hd-376
drive: every step passed; screenshots in /workspace/Cobalt/target/inkling-review/journey-clara-hd-376
drive: every step passed; screenshots in /workspace/Cobalt/target/inkling-review/journey-clara-hd-376
Kobo app simulator: http://127.0.0.1:39753
drive: every step passed; screenshots in /workspace/Cobalt/target/inkling-review/journey-clara-hd-376
shot /workspace/Cobalt/target/inkling-review/journey-clara-hd-376/inkling-restored.png
drive: every step passed; screenshots in /workspace/Cobalt/target/inkling-review/journey-clara-hd-376
drive: every step passed; screenshots in /workspace/Cobalt/target/inkling-review/journey-clara-hd-376
