   Compiling shlex v2.0.1
   Compiling find-msvc-tools v0.1.11
   Compiling cfg-if v1.0.4
   Compiling simd-adler32 v0.3.10
   Compiling libc v0.2.189
   Compiling cc v1.4.4
   Compiling adler2 v2.0.1
   Compiling equivalent v1.0.2
   Compiling miniz_oxide v0.9.1
   Compiling foldhash v0.1.5
   Compiling allocator-api2 v0.2.21
   Compiling zeroize v1.9.0
   Compiling rustls-pki-types v1.15.1
   Compiling hashbrown v0.15.5
   Compiling getrandom v0.2.17
   Compiling unicode-width v0.2.2
   Compiling unicode-segmentation v1.13.3
   Compiling untrusted v0.9.0
   Compiling vcpkg v0.2.15
   Compiling ring v0.17.14
   Compiling bitflags v2.13.1
   Compiling autocfg v1.5.1
   Compiling crc32fast v1.5.1
   Compiling pkg-config v0.3.34
   Compiling num-traits v0.2.19
   Compiling kobo-ui v0.3.24 (/workspace/cobalt-pre-five/crates/kobo-ui)
   Compiling tinyvec_macros v0.1.1
   Compiling rustls v0.23.45
   Compiling httparse v1.10.1
   Compiling libsqlite3-sys v0.35.0
   Compiling tinyvec v1.12.0
   Compiling itoa v1.0.18
   Compiling bytes v1.12.1
   Compiling subtle v2.6.1
   Compiling once_cell v1.21.4
   Compiling http v1.5.0
   Compiling kobo-protocol v0.3.24 (/workspace/cobalt-pre-five/crates/kobo-protocol)
   Compiling rustls-webpki v0.103.15
   Compiling flate2 v1.1.10
   Compiling unicode-normalization v0.1.25
   Compiling hashlink v0.10.0
   Compiling webpki-roots v1.0.9
   Compiling miniz_oxide v0.8.9
   Compiling fdeflate v0.3.7
   Compiling ttf-parser v0.21.1
   Compiling fallible-iterator v0.3.0
   Compiling fallible-streaming-iterator v0.1.9
   Compiling pxfm v0.1.30
   Compiling kobo-json v0.3.24 (/workspace/cobalt-pre-five/crates/kobo-json)
   Compiling httpdate v1.0.3
   Compiling zune-core v0.4.12
   Compiling smallvec v1.16.0
   Compiling zune-jpeg v0.4.21
   Compiling rusqlite v0.37.0
   Compiling kobo-net v0.3.24 (/workspace/cobalt-pre-five/crates/kobo-net)
   Compiling moxcms v0.7.11
   Compiling fontdue v0.9.3
   Compiling png v0.18.1
   Compiling kobo-dict v0.3.24 (/workspace/cobalt-pre-five/crates/kobo-dict)
   Compiling kobo-abi v0.3.24 (/workspace/cobalt-pre-five/crates/kobo-abi)
   Compiling byteorder-lite v0.1.0
   Compiling unicode-linebreak v0.1.5
   Compiling bytemuck v1.25.2
   Compiling kobo-text v0.3.24 (/workspace/cobalt-pre-five/crates/kobo-text)
   Compiling kobo-policy v0.3.24 (/workspace/cobalt-pre-five/crates/kobo-policy)
   Compiling kobo-state v0.3.24 (/workspace/cobalt-pre-five/crates/kobo-state)
   Compiling kobo-sdk v0.3.24 (/workspace/cobalt-pre-five/crates/kobo-sdk)
   Compiling image v0.25.8
   Compiling kobo-image v0.3.24 (/workspace/cobalt-pre-five/crates/kobo-image)
   Compiling five-capture-chat v0.1.0 (/tmp/five-chat-6lkhkc3w)
warning: variable does not need to be mutable
    --> src/main.rs:1739:6
     |
1739 |  let mut context = _runner.context();
     |      ----^^^^^^^
     |      |
     |      help: remove this `mut`
     |
     = note: `#[warn(unused_mut)]` on by default

warning: function `capture_context` is never used
    --> src/main.rs:1716:4
     |
1716 | fn capture_context(name: &str, context: &kobo_sdk::Context, metrics: kobo_ui::DisplayMetrics) {
     |    ^^^^^^^^^^^^^^^
     |
     = note: `#[warn(dead_code)]` on by default

warning: `five-capture-chat` (bin "five-capture-chat" test) generated 2 warnings (run `cargo fix --bin "five-capture-chat" --tests` to apply 1 suggestion)
    Finished `test` profile [unoptimized] target(s) in 22.80s
     Running unittests src/main.rs (/workspace/cobalt-capture-target/debug/deps/five_capture_chat-85044acb3e0aa4ad)

running 1 test
test approved_fix_capture::approved_fix_capture ... ok

test result: ok. 1 passed; 0 failed; 0 ignored; 0 measured; 58 filtered out; finished in 2.09s

