   Compiling kobo-ui v0.3.24 (/workspace/cobalt-fixes/crates/kobo-ui)
   Compiling kobo-json v0.3.24 (/workspace/cobalt-fixes/crates/kobo-json)
   Compiling kobo-dict v0.3.24 (/workspace/cobalt-fixes/crates/kobo-dict)
   Compiling kobo-abi v0.3.24 (/workspace/cobalt-fixes/crates/kobo-abi)
   Compiling kobo-state v0.3.24 (/workspace/cobalt-fixes/crates/kobo-state)
   Compiling kobo-image v0.3.24 (/workspace/cobalt-fixes/crates/kobo-image)
   Compiling kobo-protocol v0.3.24 (/workspace/cobalt-fixes/crates/kobo-protocol)
   Compiling kobo-text v0.3.24 (/workspace/cobalt-fixes/crates/kobo-text)
   Compiling kobo-net v0.3.24 (/workspace/cobalt-fixes/crates/kobo-net)
   Compiling kobo-policy v0.3.24 (/workspace/cobalt-fixes/crates/kobo-policy)
   Compiling kobo-sdk v0.3.24 (/workspace/cobalt-fixes/crates/kobo-sdk)
   Compiling five-capture-chat v0.1.0 (/tmp/five-chat-_hzzlx_c)
warning: variable does not need to be mutable
    --> src/main.rs:1911:6
     |
1911 |  let mut context = _runner.context();
     |      ----^^^^^^^
     |      |
     |      help: remove this `mut`
     |
     = note: `#[warn(unused_mut)]` on by default

warning: function `capture_context` is never used
    --> src/main.rs:1888:4
     |
1888 | fn capture_context(name: &str, context: &kobo_sdk::Context, metrics: kobo_ui::DisplayMetrics) {
     |    ^^^^^^^^^^^^^^^
     |
     = note: `#[warn(dead_code)]` on by default

warning: `five-capture-chat` (bin "five-capture-chat" test) generated 2 warnings (run `cargo fix --bin "five-capture-chat" --tests` to apply 1 suggestion)
    Finished `test` profile [unoptimized] target(s) in 6.69s
     Running unittests src/main.rs (/workspace/cobalt-capture-target/debug/deps/five_capture_chat-d4aa21a76635dbaf)

running 1 test
test approved_fix_capture::approved_fix_capture ... ok

test result: ok. 1 passed; 0 failed; 0 ignored; 0 measured; 60 filtered out; finished in 5.02s

