   Compiling find-msvc-tools v0.1.11
   Compiling shlex v2.0.1
   Compiling libc v0.2.189
   Compiling equivalent v1.0.2
   Compiling cfg-if v1.0.4
   Compiling allocator-api2 v0.2.21
   Compiling cc v1.4.4
   Compiling foldhash v0.1.5
   Compiling zeroize v1.9.0
   Compiling hashbrown v0.15.5
   Compiling rustls-pki-types v1.15.1
   Compiling untrusted v0.9.0
   Compiling unicode-width v0.2.2
   Compiling unicode-segmentation v1.13.3
   Compiling pkg-config v0.3.34
   Compiling vcpkg v0.2.15
   Compiling getrandom v0.2.17
   Compiling kobo-ui v0.3.24 (/workspace/cobalt-fixes/crates/kobo-ui)
   Compiling ring v0.17.14
   Compiling tinyvec_macros v0.1.1
   Compiling rustls v0.23.45
   Compiling httparse v1.10.1
   Compiling libsqlite3-sys v0.35.0
   Compiling tinyvec v1.12.0
   Compiling adler2 v2.0.1
   Compiling itoa v1.0.18
   Compiling bytes v1.12.1
   Compiling once_cell v1.21.4
   Compiling subtle v2.6.1
   Compiling http v1.5.0
   Compiling kobo-protocol v0.3.24 (/workspace/cobalt-fixes/crates/kobo-protocol)
   Compiling rustls-webpki v0.103.15
   Compiling miniz_oxide v0.9.1
   Compiling unicode-normalization v0.1.25
   Compiling hashlink v0.10.0
   Compiling webpki-roots v1.0.9
   Compiling smallvec v1.16.0
   Compiling ttf-parser v0.21.1
   Compiling httpdate v1.0.3
   Compiling fallible-iterator v0.3.0
   Compiling bitflags v2.13.1
   Compiling fallible-streaming-iterator v0.1.9
   Compiling kobo-json v0.3.24 (/workspace/cobalt-fixes/crates/kobo-json)
   Compiling kobo-dict v0.3.24 (/workspace/cobalt-fixes/crates/kobo-dict)
   Compiling fontdue v0.9.3
   Compiling kobo-abi v0.3.24 (/workspace/cobalt-fixes/crates/kobo-abi)
   Compiling unicode-linebreak v0.1.5
   Compiling rusqlite v0.37.0
   Compiling kobo-text v0.3.24 (/workspace/cobalt-fixes/crates/kobo-text)
   Compiling kobo-net v0.3.24 (/workspace/cobalt-fixes/crates/kobo-net)
   Compiling kobo-state v0.3.24 (/workspace/cobalt-fixes/crates/kobo-state)
   Compiling kobo-policy v0.3.24 (/workspace/cobalt-fixes/crates/kobo-policy)
   Compiling kobo-zstory v0.3.24 (/workspace/cobalt-fixes/crates/kobo-zstory)
   Compiling kobo-sdk v0.3.24 (/workspace/cobalt-fixes/crates/kobo-sdk)
   Compiling kobo-parser v0.1.0 (/workspace/cobalt-fixes/apps/parser)
    Finished `test` profile [unoptimized + debuginfo] target(s) in 13.47s
     Running unittests src/main.rs (target/debug/deps/kobo_parser-257d2c3101d6c931)

running 1 test

thread 'navigation_tests::audit_latest_story_selection_wins_over_pending_other_download' panicked at apps/parser/src/navigation_tests.rs:244:5:
assertion `left == right` failed: late B must not replace selected A
  left: Some("story-other.z3")
 right: Some("story-lamplight.z3")
note: run with `RUST_BACKTRACE=1` environment variable to display a backtrace
test navigation_tests::audit_latest_story_selection_wins_over_pending_other_download ... FAILED

failures:

failures:
    navigation_tests::audit_latest_story_selection_wins_over_pending_other_download

test result: FAILED. 0 passed; 1 failed; 0 ignored; 0 measured; 41 filtered out; finished in 0.23s

error: test failed, to rerun pass `-p kobo-parser --bin kobo-parser`
