Kobo app simulator: http://127.0.0.1:36317
drive: every step passed; screenshots in /home/sandbox/cobalt/docs/quality/evidence/arxiv
drive: every step passed; screenshots in /home/sandbox/cobalt/docs/quality/evidence/arxiv
shot /home/sandbox/cobalt/docs/quality/evidence/arxiv/arxiv-listing.png
drive: every step passed; screenshots in /home/sandbox/cobalt/docs/quality/evidence/arxiv
drive: every step passed; screenshots in /home/sandbox/cobalt/docs/quality/evidence/arxiv
shot /home/sandbox/cobalt/docs/quality/evidence/arxiv/arxiv-abstract.png
drive: every step passed; screenshots in /home/sandbox/cobalt/docs/quality/evidence/arxiv
drive: every step passed; screenshots in /home/sandbox/cobalt/docs/quality/evidence/arxiv
shot /home/sandbox/cobalt/docs/quality/evidence/arxiv/arxiv-reading.png
drive: every step passed; screenshots in /home/sandbox/cobalt/docs/quality/evidence/arxiv
drive: every step passed; screenshots in /home/sandbox/cobalt/docs/quality/evidence/arxiv
drive: every step passed; screenshots in /home/sandbox/cobalt/docs/quality/evidence/arxiv
drive: every step passed; screenshots in /home/sandbox/cobalt/docs/quality/evidence/arxiv
shot /home/sandbox/cobalt/docs/quality/evidence/arxiv/arxiv-reopened.png
drive: every step passed; screenshots in /home/sandbox/cobalt/docs/quality/evidence/arxiv
drive: every step passed; screenshots in /home/sandbox/cobalt/docs/quality/evidence/arxiv
drive: every step passed; screenshots in /home/sandbox/cobalt/docs/quality/evidence/arxiv
shot /home/sandbox/cobalt/docs/quality/evidence/arxiv/arxiv-listing-offline.png
drive: every step passed; screenshots in /home/sandbox/cobalt/docs/quality/evidence/arxiv
drive: every step passed; screenshots in /home/sandbox/cobalt/docs/quality/evidence/arxiv
drive: every step passed; screenshots in /home/sandbox/cobalt/docs/quality/evidence/arxiv
shot /home/sandbox/cobalt/docs/quality/evidence/arxiv/arxiv-library.png
drive: every step passed; screenshots in /home/sandbox/cobalt/docs/quality/evidence/arxiv
