Kobo app simulator: http://127.0.0.1:41497
drive: every step passed; screenshots in /workspace/Cobalt/target/inkling-review/journey-libra-h2o-384
shot /workspace/Cobalt/target/inkling-review/journey-libra-h2o-384/inkling-board.png
drive: every step passed; screenshots in /workspace/Cobalt/target/inkling-review/journey-libra-h2o-384
drive: every step passed; screenshots in /workspace/Cobalt/target/inkling-review/journey-libra-h2o-384
shot /workspace/Cobalt/target/inkling-review/journey-libra-h2o-384/inkling-help.png
drive: every step passed; screenshots in /workspace/Cobalt/target/inkling-review/journey-libra-h2o-384
drive: every step passed; screenshots in /workspace/Cobalt/target/inkling-review/journey-libra-h2o-384
drive: every step passed; screenshots in /workspace/Cobalt/target/inkling-review/journey-libra-h2o-384
drive: every step passed; screenshots in /workspace/Cobalt/target/inkling-review/journey-libra-h2o-384
drive: every step passed; screenshots in /workspace/Cobalt/target/inkling-review/journey-libra-h2o-384
shot /workspace/Cobalt/target/inkling-review/journey-libra-h2o-384/inkling-knowledge.png
drive: every step passed; screenshots in /workspace/Cobalt/target/inkling-review/journey-libra-h2o-384
drive: every step passed; screenshots in /workspace/Cobalt/target/inkling-review/journey-libra-h2o-384
shot /workspace/Cobalt/target/inkling-review/journey-libra-h2o-384/inkling-solved.png
drive: every step passed; screenshots in /workspace/Cobalt/target/inkling-review/journey-libra-h2o-384
drive: every step passed; screenshots in /workspace/Cobalt/target/inkling-review/journey-libra-h2o-384
shot /workspace/Cobalt/target/inkling-review/journey-libra-h2o-384/inkling-stats.png
drive: every step passed; screenshots in /workspace/Cobalt/target/inkling-review/journey-libra-h2o-384
drive: every step passed; screenshots in /workspace/Cobalt/target/inkling-review/journey-libra-h2o-384
Saved /tmp/cobalt-inkling-12ecd7qs/received/Inkling result.txt
The original remains on your reader.
Saved /tmp/cobalt-inkling-12ecd7qs/received/Inkling result (2).txt
The original remains on your reader.
drive: every step passed; screenshots in /workspace/Cobalt/target/inkling-review/journey-libra-h2o-384
drive: every step passed; screenshots in /workspace/Cobalt/target/inkling-review/journey-libra-h2o-384
shot /workspace/Cobalt/target/inkling-review/journey-libra-h2o-384/inkling-archive-list.png
drive: every step passed; screenshots in /workspace/Cobalt/target/inkling-review/journey-libra-h2o-384
drive: every step passed; screenshots in /workspace/Cobalt/target/inkling-review/journey-libra-h2o-384
shot /workspace/Cobalt/target/inkling-review/journey-libra-h2o-384/inkling-archive.png
drive: every step passed; screenshots in /workspace/Cobalt/target/inkling-review/journey-libra-h2o-384
drive: every step passed; screenshots in /workspace/Cobalt/target/inkling-review/journey-libra-h2o-384
shot /workspace/Cobalt/target/inkling-review/journey-libra-h2o-384/inkling-archive-solved.png
drive: every step passed; screenshots in /workspace/Cobalt/target/inkling-review/journey-libra-h2o-384
drive: every step passed; screenshots in /workspace/Cobalt/target/inkling-review/journey-libra-h2o-384
drive: every step passed; screenshots in /workspace/Cobalt/target/inkling-review/journey-libra-h2o-384
Kobo app simulator: http://127.0.0.1:35623
drive: every step passed; screenshots in /workspace/Cobalt/target/inkling-review/journey-libra-h2o-384
shot /workspace/Cobalt/target/inkling-review/journey-libra-h2o-384/inkling-restored.png
drive: every step passed; screenshots in /workspace/Cobalt/target/inkling-review/journey-libra-h2o-384
drive: every step passed; screenshots in /workspace/Cobalt/target/inkling-review/journey-libra-h2o-384
