Kobo app simulator: http://127.0.0.1:36479
drive: every step passed; screenshots in /workspace/Cobalt/target/inkling-review/journey-clara-bw-395
shot /workspace/Cobalt/target/inkling-review/journey-clara-bw-395/inkling-board.png
drive: every step passed; screenshots in /workspace/Cobalt/target/inkling-review/journey-clara-bw-395
drive: every step passed; screenshots in /workspace/Cobalt/target/inkling-review/journey-clara-bw-395
shot /workspace/Cobalt/target/inkling-review/journey-clara-bw-395/inkling-help.png
drive: every step passed; screenshots in /workspace/Cobalt/target/inkling-review/journey-clara-bw-395
drive: every step passed; screenshots in /workspace/Cobalt/target/inkling-review/journey-clara-bw-395
drive: every step passed; screenshots in /workspace/Cobalt/target/inkling-review/journey-clara-bw-395
drive: every step passed; screenshots in /workspace/Cobalt/target/inkling-review/journey-clara-bw-395
drive: every step passed; screenshots in /workspace/Cobalt/target/inkling-review/journey-clara-bw-395
shot /workspace/Cobalt/target/inkling-review/journey-clara-bw-395/inkling-knowledge.png
drive: every step passed; screenshots in /workspace/Cobalt/target/inkling-review/journey-clara-bw-395
drive: every step passed; screenshots in /workspace/Cobalt/target/inkling-review/journey-clara-bw-395
shot /workspace/Cobalt/target/inkling-review/journey-clara-bw-395/inkling-solved.png
drive: every step passed; screenshots in /workspace/Cobalt/target/inkling-review/journey-clara-bw-395
drive: every step passed; screenshots in /workspace/Cobalt/target/inkling-review/journey-clara-bw-395
shot /workspace/Cobalt/target/inkling-review/journey-clara-bw-395/inkling-stats.png
drive: every step passed; screenshots in /workspace/Cobalt/target/inkling-review/journey-clara-bw-395
drive: every step passed; screenshots in /workspace/Cobalt/target/inkling-review/journey-clara-bw-395
Saved /tmp/cobalt-inkling-841zn_si/received/Inkling result.txt
The original remains on your reader.
Saved /tmp/cobalt-inkling-841zn_si/received/Inkling result (2).txt
The original remains on your reader.
drive: every step passed; screenshots in /workspace/Cobalt/target/inkling-review/journey-clara-bw-395
drive: every step passed; screenshots in /workspace/Cobalt/target/inkling-review/journey-clara-bw-395
shot /workspace/Cobalt/target/inkling-review/journey-clara-bw-395/inkling-archive-list.png
drive: every step passed; screenshots in /workspace/Cobalt/target/inkling-review/journey-clara-bw-395
drive: every step passed; screenshots in /workspace/Cobalt/target/inkling-review/journey-clara-bw-395
shot /workspace/Cobalt/target/inkling-review/journey-clara-bw-395/inkling-archive.png
drive: every step passed; screenshots in /workspace/Cobalt/target/inkling-review/journey-clara-bw-395
drive: every step passed; screenshots in /workspace/Cobalt/target/inkling-review/journey-clara-bw-395
shot /workspace/Cobalt/target/inkling-review/journey-clara-bw-395/inkling-archive-solved.png
drive: every step passed; screenshots in /workspace/Cobalt/target/inkling-review/journey-clara-bw-395
drive: every step passed; screenshots in /workspace/Cobalt/target/inkling-review/journey-clara-bw-395
drive: every step passed; screenshots in /workspace/Cobalt/target/inkling-review/journey-clara-bw-395
Kobo app simulator: http://127.0.0.1:37629
drive: every step passed; screenshots in /workspace/Cobalt/target/inkling-review/journey-clara-bw-395
shot /workspace/Cobalt/target/inkling-review/journey-clara-bw-395/inkling-restored.png
drive: every step passed; screenshots in /workspace/Cobalt/target/inkling-review/journey-clara-bw-395
drive: every step passed; screenshots in /workspace/Cobalt/target/inkling-review/journey-clara-bw-395
