Kobo app simulator: http://127.0.0.1:44711
drive: every step passed; screenshots in /home/sandbox/cobalt/docs/quality/evidence/arxiv-live
drive: every step passed; screenshots in /home/sandbox/cobalt/docs/quality/evidence/arxiv-live
drive: every step passed; screenshots in /home/sandbox/cobalt/docs/quality/evidence/arxiv-live
drive: every step passed; screenshots in /home/sandbox/cobalt/docs/quality/evidence/arxiv-live
shot /home/sandbox/cobalt/docs/quality/evidence/arxiv-live/arxiv-live-listing.png
drive: every step passed; screenshots in /home/sandbox/cobalt/docs/quality/evidence/arxiv-live
drive: every step passed; screenshots in /home/sandbox/cobalt/docs/quality/evidence/arxiv-live
drive: every step passed; screenshots in /home/sandbox/cobalt/docs/quality/evidence/arxiv-live
drive: every step passed; screenshots in /home/sandbox/cobalt/docs/quality/evidence/arxiv-live
shot /home/sandbox/cobalt/docs/quality/evidence/arxiv-live/arxiv-live-abstract.png
drive: every step passed; screenshots in /home/sandbox/cobalt/docs/quality/evidence/arxiv-live
[ratex-unicode-font] found via system-fonts: /usr/share/fonts/truetype/noto/NotoSans-Regular.ttf (Latin)
[ratex-unicode-font] found via system-fonts: /usr/share/fonts/truetype/noto/NotoSans-Regular.ttf (Latin)
kobo: line 1: tap Full text: the app did not finish handling the tap within 10 seconds (screen at /home/sandbox/cobalt/docs/quality/evidence/arxiv-live/failed-line-1.png)
drive: every step passed; screenshots in /home/sandbox/cobalt/docs/quality/evidence/arxiv-live
drive: every step passed; screenshots in /home/sandbox/cobalt/docs/quality/evidence/arxiv-live
shot /home/sandbox/cobalt/docs/quality/evidence/arxiv-live/arxiv-live-reading.png
drive: every step passed; screenshots in /home/sandbox/cobalt/docs/quality/evidence/arxiv-live
drive: every step passed; screenshots in /home/sandbox/cobalt/docs/quality/evidence/arxiv-live
drive: every step passed; screenshots in /home/sandbox/cobalt/docs/quality/evidence/arxiv-live
drive: every step passed; screenshots in /home/sandbox/cobalt/docs/quality/evidence/arxiv-live
drive: every step passed; screenshots in /home/sandbox/cobalt/docs/quality/evidence/arxiv-live
drive: every step passed; screenshots in /home/sandbox/cobalt/docs/quality/evidence/arxiv-live
drive: every step passed; screenshots in /home/sandbox/cobalt/docs/quality/evidence/arxiv-live
drive: every step passed; screenshots in /home/sandbox/cobalt/docs/quality/evidence/arxiv-live
shot /home/sandbox/cobalt/docs/quality/evidence/arxiv-live/arxiv-live-figure.png
drive: every step passed; screenshots in /home/sandbox/cobalt/docs/quality/evidence/arxiv-live
drive: every step passed; screenshots in /home/sandbox/cobalt/docs/quality/evidence/arxiv-live
drive: every step passed; screenshots in /home/sandbox/cobalt/docs/quality/evidence/arxiv-live
shot /home/sandbox/cobalt/docs/quality/evidence/arxiv-live/arxiv-live-followed.png
drive: every step passed; screenshots in /home/sandbox/cobalt/docs/quality/evidence/arxiv-live
drive: every step passed; screenshots in /home/sandbox/cobalt/docs/quality/evidence/arxiv-live
drive: every step passed; screenshots in /home/sandbox/cobalt/docs/quality/evidence/arxiv-live
drive: every step passed; screenshots in /home/sandbox/cobalt/docs/quality/evidence/arxiv-live
drive: every step passed; screenshots in /home/sandbox/cobalt/docs/quality/evidence/arxiv-live
drive: every step passed; screenshots in /home/sandbox/cobalt/docs/quality/evidence/arxiv-live
drive: every step passed; screenshots in /home/sandbox/cobalt/docs/quality/evidence/arxiv-live
drive: every step passed; screenshots in /home/sandbox/cobalt/docs/quality/evidence/arxiv-live
drive: every step passed; screenshots in /home/sandbox/cobalt/docs/quality/evidence/arxiv-live
shot /home/sandbox/cobalt/docs/quality/evidence/arxiv-live/arxiv-live-saved.png
drive: every step passed; screenshots in /home/sandbox/cobalt/docs/quality/evidence/arxiv-live
