Frame shelf ready at /tmp/appqa08-state/frame/cobalt-sim-data/frame; transfers stay on this computer.
1 new, 0 already present, 0 removed; 766859 image bytes to send
  Add: moon.jpg / moon.jpg (photo-0157ea382dd888c8)
Frame transfer verified: 1 photo(s), 1 new, 0 removed
0 new, 1 already present, 0 removed; 0 image bytes to send
  Keep: moon.jpg / moon.jpg (photo-0157ea382dd888c8)
Frame transfer verified: 1 photo(s), 0 new, 0 removed
0 new, 1 already present, 0 removed; 0 image bytes to send
  Keep: moon.jpg / moon.jpg (photo-0157ea382dd888c8)
Frame transfer verified: 1 photo(s), 0 new, 0 removed
0 new, 1 already present, 0 removed; 0 image bytes to send
  Keep: moon.jpg / moon.jpg (photo-0157ea382dd888c8)
Frame transfer verified: 1 photo(s), 0 new, 0 removed
0 new, 1 already present, 0 removed; 0 image bytes to send
  Keep: moon.jpg / moon.jpg (photo-0157ea382dd888c8)
Frame transfer verified: 1 photo(s), 0 new, 0 removed
0 new, 1 already present, 0 removed; 0 image bytes to send
  Keep: moon.jpg / moon.jpg (photo-0157ea382dd888c8)
Frame transfer verified: 1 photo(s), 0 new, 0 removed
0 new, 1 already present, 0 removed; 0 image bytes to send
  Keep: moon.jpg / moon.jpg (photo-0157ea382dd888c8)
Frame transfer verified: 1 photo(s), 0 new, 0 removed
0 new, 1 already present, 0 removed; 0 image bytes to send
  Keep: moon.jpg / moon.jpg (photo-0157ea382dd888c8)
Frame transfer verified: 1 photo(s), 0 new, 0 removed
0 new, 1 already present, 0 removed; 0 image bytes to send
  Keep: moon.jpg / moon.jpg (photo-0157ea382dd888c8)
Frame transfer verified: 1 photo(s), 0 new, 0 removed
0 new, 1 already present, 0 removed; 0 image bytes to send
  Keep: moon.jpg / moon.jpg (photo-0157ea382dd888c8)
Frame transfer verified: 1 photo(s), 0 new, 0 removed
0 new, 1 already present, 0 removed; 0 image bytes to send
  Keep: moon.jpg / moon.jpg (photo-0157ea382dd888c8)
Frame transfer verified: 1 photo(s), 0 new, 0 removed
0 new, 1 already present, 0 removed; 0 image bytes to send
  Keep: moon.jpg / moon.jpg (photo-0157ea382dd888c8)
Frame transfer verified: 1 photo(s), 0 new, 0 removed
0 new, 1 already present, 0 removed; 0 image bytes to send
  Keep: moon.jpg / moon.jpg (photo-0157ea382dd888c8)
Frame transfer verified: 1 photo(s), 0 new, 0 removed
0 new, 1 already present, 0 removed; 0 image bytes to send
  Keep: moon.jpg / moon.jpg (photo-0157ea382dd888c8)
Frame transfer verified: 1 photo(s), 0 new, 0 removed
0 new, 1 already present, 0 removed; 0 image bytes to send
  Keep: moon.jpg / moon.jpg (photo-0157ea382dd888c8)
Frame transfer verified: 1 photo(s), 0 new, 0 removed
0 new, 1 already present, 0 removed; 0 image bytes to send
  Keep: moon.jpg / moon.jpg (photo-0157ea382dd888c8)
Frame transfer verified: 1 photo(s), 0 new, 0 removed
0 new, 1 already present, 0 removed; 0 image bytes to send
  Keep: moon.jpg / moon.jpg (photo-0157ea382dd888c8)
Frame transfer verified: 1 photo(s), 0 new, 0 removed
0 new, 1 already present, 0 removed; 0 image bytes to send
  Keep: moon.jpg / moon.jpg (photo-0157ea382dd888c8)
Frame transfer verified: 1 photo(s), 0 new, 0 removed
0 new, 1 already present, 0 removed; 0 image bytes to send
  Keep: moon.jpg / moon.jpg (photo-0157ea382dd888c8)
Frame transfer verified: 1 photo(s), 0 new, 0 removed
0 new, 1 already present, 0 removed; 0 image bytes to send
  Keep: moon.jpg / moon.jpg (photo-0157ea382dd888c8)
Frame transfer verified: 1 photo(s), 0 new, 0 removed
0 new, 1 already present, 0 removed; 0 image bytes to send
  Keep: moon.jpg / moon.jpg (photo-0157ea382dd888c8)
Frame transfer verified: 1 photo(s), 0 new, 0 removed
0 new, 1 already present, 0 removed; 0 image bytes to send
  Keep: moon.jpg / moon.jpg (photo-0157ea382dd888c8)
Frame transfer verified: 1 photo(s), 0 new, 0 removed
0 new, 1 already present, 0 removed; 0 image bytes to send
  Keep: moon.jpg / moon.jpg (photo-0157ea382dd888c8)
Frame transfer verified: 1 photo(s), 0 new, 0 removed
0 new, 1 already present, 0 removed; 0 image bytes to send
  Keep: moon.jpg / moon.jpg (photo-0157ea382dd888c8)
Frame transfer verified: 1 photo(s), 0 new, 0 removed
0 new, 1 already present, 0 removed; 0 image bytes to send
  Keep: moon.jpg / moon.jpg (photo-0157ea382dd888c8)
Frame transfer verified: 1 photo(s), 0 new, 0 removed
0 new, 1 already present, 0 removed; 0 image bytes to send
  Keep: moon.jpg / moon.jpg (photo-0157ea382dd888c8)
Frame transfer verified: 1 photo(s), 0 new, 0 removed
0 new, 1 already present, 0 removed; 0 image bytes to send
  Keep: moon.jpg / moon.jpg (photo-0157ea382dd888c8)
Frame transfer verified: 1 photo(s), 0 new, 0 removed
0 new, 1 already present, 0 removed; 0 image bytes to send
  Keep: moon.jpg / moon.jpg (photo-0157ea382dd888c8)
Frame transfer verified: 1 photo(s), 0 new, 0 removed
0 new, 1 already present, 0 removed; 0 image bytes to send
  Keep: moon.jpg / moon.jpg (photo-0157ea382dd888c8)
Frame transfer verified: 1 photo(s), 0 new, 0 removed
0 new, 1 already present, 0 removed; 0 image bytes to send
  Keep: moon.jpg / moon.jpg (photo-0157ea382dd888c8)
Frame transfer verified: 1 photo(s), 0 new, 0 removed
0 new, 1 already present, 0 removed; 0 image bytes to send
  Keep: moon.jpg / moon.jpg (photo-0157ea382dd888c8)
Frame transfer verified: 1 photo(s), 0 new, 0 removed
0 new, 1 already present, 0 removed; 0 image bytes to send
  Keep: moon.jpg / moon.jpg (photo-0157ea382dd888c8)
Frame transfer verified: 1 photo(s), 0 new, 0 removed
0 new, 1 already present, 0 removed; 0 image bytes to send
  Keep: moon.jpg / moon.jpg (photo-0157ea382dd888c8)
Frame transfer verified: 1 photo(s), 0 new, 0 removed
0 new, 1 already present, 0 removed; 0 image bytes to send
  Keep: moon.jpg / moon.jpg (photo-0157ea382dd888c8)
Frame transfer verified: 1 photo(s), 0 new, 0 removed
0 new, 1 already present, 0 removed; 0 image bytes to send
  Keep: moon.jpg / moon.jpg (photo-0157ea382dd888c8)
Frame transfer verified: 1 photo(s), 0 new, 0 removed
0 new, 1 already present, 0 removed; 0 image bytes to send
  Keep: moon.jpg / moon.jpg (photo-0157ea382dd888c8)
Frame transfer verified: 1 photo(s), 0 new, 0 removed
0 new, 1 already present, 0 removed; 0 image bytes to send
  Keep: moon.jpg / moon.jpg (photo-0157ea382dd888c8)
Frame transfer verified: 1 photo(s), 0 new, 0 removed
0 new, 1 already present, 0 removed; 0 image bytes to send
  Keep: moon.jpg / moon.jpg (photo-0157ea382dd888c8)
Frame transfer verified: 1 photo(s), 0 new, 0 removed
0 new, 1 already present, 0 removed; 0 image bytes to send
  Keep: moon.jpg / moon.jpg (photo-0157ea382dd888c8)
Frame transfer verified: 1 photo(s), 0 new, 0 removed
0 new, 1 already present, 0 removed; 0 image bytes to send
  Keep: moon.jpg / moon.jpg (photo-0157ea382dd888c8)
Frame transfer verified: 1 photo(s), 0 new, 0 removed
0 new, 1 already present, 0 removed; 0 image bytes to send
  Keep: moon.jpg / moon.jpg (photo-0157ea382dd888c8)
Frame transfer verified: 1 photo(s), 0 new, 0 removed
0 new, 1 already present, 0 removed; 0 image bytes to send
  Keep: moon.jpg / moon.jpg (photo-0157ea382dd888c8)
Frame transfer verified: 1 photo(s), 0 new, 0 removed
0 new, 1 already present, 0 removed; 0 image bytes to send
  Keep: moon.jpg / moon.jpg (photo-0157ea382dd888c8)
Frame transfer verified: 1 photo(s), 0 new, 0 removed
0 new, 1 already present, 0 removed; 0 image bytes to send
  Keep: moon.jpg / moon.jpg (photo-0157ea382dd888c8)
Frame transfer verified: 1 photo(s), 0 new, 0 removed
0 new, 1 already present, 0 removed; 0 image bytes to send
  Keep: moon.jpg / moon.jpg (photo-0157ea382dd888c8)
Frame transfer verified: 1 photo(s), 0 new, 0 removed
0 new, 1 already present, 0 removed; 0 image bytes to send
  Keep: moon.jpg / moon.jpg (photo-0157ea382dd888c8)
Frame transfer verified: 1 photo(s), 0 new, 0 removed
0 new, 1 already present, 0 removed; 0 image bytes to send
  Keep: moon.jpg / moon.jpg (photo-0157ea382dd888c8)
Frame transfer verified: 1 photo(s), 0 new, 0 removed
0 new, 1 already present, 0 removed; 0 image bytes to send
  Keep: moon.jpg / moon.jpg (photo-0157ea382dd888c8)
Frame transfer verified: 1 photo(s), 0 new, 0 removed
0 new, 1 already present, 0 removed; 0 image bytes to send
  Keep: moon.jpg / moon.jpg (photo-0157ea382dd888c8)
Frame transfer verified: 1 photo(s), 0 new, 0 removed
0 new, 1 already present, 0 removed; 0 image bytes to send
  Keep: moon.jpg / moon.jpg (photo-0157ea382dd888c8)
Frame transfer verified: 1 photo(s), 0 new, 0 removed
0 new, 1 already present, 0 removed; 0 image bytes to send
  Keep: moon.jpg / moon.jpg (photo-0157ea382dd888c8)
Frame transfer verified: 1 photo(s), 0 new, 0 removed
0 new, 1 already present, 0 removed; 0 image bytes to send
  Keep: moon.jpg / moon.jpg (photo-0157ea382dd888c8)
Frame transfer verified: 1 photo(s), 0 new, 0 removed
0 new, 1 already present, 0 removed; 0 image bytes to send
  Keep: moon.jpg / moon.jpg (photo-0157ea382dd888c8)
Frame transfer verified: 1 photo(s), 0 new, 0 removed
0 new, 1 already present, 0 removed; 0 image bytes to send
  Keep: moon.jpg / moon.jpg (photo-0157ea382dd888c8)
Frame transfer verified: 1 photo(s), 0 new, 0 removed
0 new, 1 already present, 0 removed; 0 image bytes to send
  Keep: moon.jpg / moon.jpg (photo-0157ea382dd888c8)
Frame transfer verified: 1 photo(s), 0 new, 0 removed
0 new, 1 already present, 0 removed; 0 image bytes to send
  Keep: moon.jpg / moon.jpg (photo-0157ea382dd888c8)
Frame transfer verified: 1 photo(s), 0 new, 0 removed
0 new, 1 already present, 0 removed; 0 image bytes to send
  Keep: moon.jpg / moon.jpg (photo-0157ea382dd888c8)
Frame transfer verified: 1 photo(s), 0 new, 0 removed
0 new, 1 already present, 0 removed; 0 image bytes to send
  Keep: moon.jpg / moon.jpg (photo-0157ea382dd888c8)
Frame transfer verified: 1 photo(s), 0 new, 0 removed
0 new, 1 already present, 0 removed; 0 image bytes to send
  Keep: moon.jpg / moon.jpg (photo-0157ea382dd888c8)
Frame transfer verified: 1 photo(s), 0 new, 0 removed
0 new, 1 already present, 0 removed; 0 image bytes to send
  Keep: moon.jpg / moon.jpg (photo-0157ea382dd888c8)
Frame transfer verified: 1 photo(s), 0 new, 0 removed
0 new, 1 already present, 0 removed; 0 image bytes to send
  Keep: moon.jpg / moon.jpg (photo-0157ea382dd888c8)
Frame transfer verified: 1 photo(s), 0 new, 0 removed
0 new, 1 already present, 0 removed; 0 image bytes to send
  Keep: moon.jpg / moon.jpg (photo-0157ea382dd888c8)
Frame transfer verified: 1 photo(s), 0 new, 0 removed
0 new, 1 already present, 0 removed; 0 image bytes to send
  Keep: moon.jpg / moon.jpg (photo-0157ea382dd888c8)
Frame transfer verified: 1 photo(s), 0 new, 0 removed
0 new, 1 already present, 0 removed; 0 image bytes to send
  Keep: moon.jpg / moon.jpg (photo-0157ea382dd888c8)
Frame transfer verified: 1 photo(s), 0 new, 0 removed
0 new, 1 already present, 0 removed; 0 image bytes to send
  Keep: moon.jpg / moon.jpg (photo-0157ea382dd888c8)
Frame transfer verified: 1 photo(s), 0 new, 0 removed
0 new, 1 already present, 0 removed; 0 image bytes to send
  Keep: moon.jpg / moon.jpg (photo-0157ea382dd888c8)
Frame transfer verified: 1 photo(s), 0 new, 0 removed
0 new, 1 already present, 0 removed; 0 image bytes to send
  Keep: moon.jpg / moon.jpg (photo-0157ea382dd888c8)
Frame transfer verified: 1 photo(s), 0 new, 0 removed
0 new, 1 already present, 0 removed; 0 image bytes to send
  Keep: moon.jpg / moon.jpg (photo-0157ea382dd888c8)
Frame transfer verified: 1 photo(s), 0 new, 0 removed
0 new, 1 already present, 0 removed; 0 image bytes to send
  Keep: moon.jpg / moon.jpg (photo-0157ea382dd888c8)
Frame transfer verified: 1 photo(s), 0 new, 0 removed
0 new, 1 already present, 0 removed; 0 image bytes to send
  Keep: moon.jpg / moon.jpg (photo-0157ea382dd888c8)
Frame transfer verified: 1 photo(s), 0 new, 0 removed
0 new, 1 already present, 0 removed; 0 image bytes to send
  Keep: moon.jpg / moon.jpg (photo-0157ea382dd888c8)
Frame transfer verified: 1 photo(s), 0 new, 0 removed
0 new, 1 already present, 0 removed; 0 image bytes to send
  Keep: moon.jpg / moon.jpg (photo-0157ea382dd888c8)
Frame transfer verified: 1 photo(s), 0 new, 0 removed
0 new, 1 already present, 0 removed; 0 image bytes to send
  Keep: moon.jpg / moon.jpg (photo-0157ea382dd888c8)
Frame transfer verified: 1 photo(s), 0 new, 0 removed
0 new, 1 already present, 0 removed; 0 image bytes to send
  Keep: moon.jpg / moon.jpg (photo-0157ea382dd888c8)
Frame transfer verified: 1 photo(s), 0 new, 0 removed
0 new, 1 already present, 0 removed; 0 image bytes to send
  Keep: moon.jpg / moon.jpg (photo-0157ea382dd888c8)
Frame transfer verified: 1 photo(s), 0 new, 0 removed
0 new, 1 already present, 0 removed; 0 image bytes to send
  Keep: moon.jpg / moon.jpg (photo-0157ea382dd888c8)
Frame transfer verified: 1 photo(s), 0 new, 0 removed
0 new, 1 already present, 0 removed; 0 image bytes to send
  Keep: moon.jpg / moon.jpg (photo-0157ea382dd888c8)
Frame transfer verified: 1 photo(s), 0 new, 0 removed
0 new, 1 already present, 0 removed; 0 image bytes to send
  Keep: moon.jpg / moon.jpg (photo-0157ea382dd888c8)
Frame transfer verified: 1 photo(s), 0 new, 0 removed
0 new, 1 already present, 0 removed; 0 image bytes to send
  Keep: moon.jpg / moon.jpg (photo-0157ea382dd888c8)
Frame transfer verified: 1 photo(s), 0 new, 0 removed
0 new, 1 already present, 0 removed; 0 image bytes to send
  Keep: moon.jpg / moon.jpg (photo-0157ea382dd888c8)
Frame transfer verified: 1 photo(s), 0 new, 0 removed
0 new, 1 already present, 0 removed; 0 image bytes to send
  Keep: moon.jpg / moon.jpg (photo-0157ea382dd888c8)
Frame transfer verified: 1 photo(s), 0 new, 0 removed
0 new, 1 already present, 0 removed; 0 image bytes to send
  Keep: moon.jpg / moon.jpg (photo-0157ea382dd888c8)
Frame transfer verified: 1 photo(s), 0 new, 0 removed
0 new, 1 already present, 0 removed; 0 image bytes to send
  Keep: moon.jpg / moon.jpg (photo-0157ea382dd888c8)
Frame transfer verified: 1 photo(s), 0 new, 0 removed
0 new, 1 already present, 0 removed; 0 image bytes to send
  Keep: moon.jpg / moon.jpg (photo-0157ea382dd888c8)
Frame transfer verified: 1 photo(s), 0 new, 0 removed
0 new, 1 already present, 0 removed; 0 image bytes to send
  Keep: moon.jpg / moon.jpg (photo-0157ea382dd888c8)
Frame transfer verified: 1 photo(s), 0 new, 0 removed
0 new, 1 already present, 0 removed; 0 image bytes to send
  Keep: moon.jpg / moon.jpg (photo-0157ea382dd888c8)
Frame transfer verified: 1 photo(s), 0 new, 0 removed
0 new, 1 already present, 0 removed; 0 image bytes to send
  Keep: moon.jpg / moon.jpg (photo-0157ea382dd888c8)
Frame transfer verified: 1 photo(s), 0 new, 0 removed
0 new, 1 already present, 0 removed; 0 image bytes to send
  Keep: moon.jpg / moon.jpg (photo-0157ea382dd888c8)
Frame transfer verified: 1 photo(s), 0 new, 0 removed
0 new, 1 already present, 0 removed; 0 image bytes to send
  Keep: moon.jpg / moon.jpg (photo-0157ea382dd888c8)
Frame transfer verified: 1 photo(s), 0 new, 0 removed
0 new, 1 already present, 0 removed; 0 image bytes to send
  Keep: moon.jpg / moon.jpg (photo-0157ea382dd888c8)
Frame transfer verified: 1 photo(s), 0 new, 0 removed
0 new, 1 already present, 0 removed; 0 image bytes to send
  Keep: moon.jpg / moon.jpg (photo-0157ea382dd888c8)
Frame transfer verified: 1 photo(s), 0 new, 0 removed
0 new, 1 already present, 0 removed; 0 image bytes to send
  Keep: moon.jpg / moon.jpg (photo-0157ea382dd888c8)
Frame transfer verified: 1 photo(s), 0 new, 0 removed
0 new, 1 already present, 0 removed; 0 image bytes to send
  Keep: moon.jpg / moon.jpg (photo-0157ea382dd888c8)
Frame transfer verified: 1 photo(s), 0 new, 0 removed
0 new, 1 already present, 0 removed; 0 image bytes to send
  Keep: moon.jpg / moon.jpg (photo-0157ea382dd888c8)
Frame transfer verified: 1 photo(s), 0 new, 0 removed
0 new, 1 already present, 0 removed; 0 image bytes to send
  Keep: moon.jpg / moon.jpg (photo-0157ea382dd888c8)
Frame transfer verified: 1 photo(s), 0 new, 0 removed
0 new, 1 already present, 0 removed; 0 image bytes to send
  Keep: moon.jpg / moon.jpg (photo-0157ea382dd888c8)
Frame transfer verified: 1 photo(s), 0 new, 0 removed
0 new, 1 already present, 0 removed; 0 image bytes to send
  Keep: moon.jpg / moon.jpg (photo-0157ea382dd888c8)
Frame transfer verified: 1 photo(s), 0 new, 0 removed
0 new, 1 already present, 0 removed; 0 image bytes to send
  Keep: moon.jpg / moon.jpg (photo-0157ea382dd888c8)
Frame transfer verified: 1 photo(s), 0 new, 0 removed
0 new, 1 already present, 0 removed; 0 image bytes to send
  Keep: moon.jpg / moon.jpg (photo-0157ea382dd888c8)
Frame transfer verified: 1 photo(s), 0 new, 0 removed
0 new, 1 already present, 0 removed; 0 image bytes to send
  Keep: moon.jpg / moon.jpg (photo-0157ea382dd888c8)
Frame transfer verified: 1 photo(s), 0 new, 0 removed
