Kobo app simulator: http://127.0.0.1:45263
drive: every step passed; screenshots in /workspace/Cobalt/target/inkling-review/journey-elipsa-2e-389
shot /workspace/Cobalt/target/inkling-review/journey-elipsa-2e-389/inkling-board.png
drive: every step passed; screenshots in /workspace/Cobalt/target/inkling-review/journey-elipsa-2e-389
drive: every step passed; screenshots in /workspace/Cobalt/target/inkling-review/journey-elipsa-2e-389
shot /workspace/Cobalt/target/inkling-review/journey-elipsa-2e-389/inkling-help.png
drive: every step passed; screenshots in /workspace/Cobalt/target/inkling-review/journey-elipsa-2e-389
drive: every step passed; screenshots in /workspace/Cobalt/target/inkling-review/journey-elipsa-2e-389
drive: every step passed; screenshots in /workspace/Cobalt/target/inkling-review/journey-elipsa-2e-389
drive: every step passed; screenshots in /workspace/Cobalt/target/inkling-review/journey-elipsa-2e-389
drive: every step passed; screenshots in /workspace/Cobalt/target/inkling-review/journey-elipsa-2e-389
shot /workspace/Cobalt/target/inkling-review/journey-elipsa-2e-389/inkling-knowledge.png
drive: every step passed; screenshots in /workspace/Cobalt/target/inkling-review/journey-elipsa-2e-389
drive: every step passed; screenshots in /workspace/Cobalt/target/inkling-review/journey-elipsa-2e-389
shot /workspace/Cobalt/target/inkling-review/journey-elipsa-2e-389/inkling-solved.png
drive: every step passed; screenshots in /workspace/Cobalt/target/inkling-review/journey-elipsa-2e-389
drive: every step passed; screenshots in /workspace/Cobalt/target/inkling-review/journey-elipsa-2e-389
shot /workspace/Cobalt/target/inkling-review/journey-elipsa-2e-389/inkling-stats.png
drive: every step passed; screenshots in /workspace/Cobalt/target/inkling-review/journey-elipsa-2e-389
drive: every step passed; screenshots in /workspace/Cobalt/target/inkling-review/journey-elipsa-2e-389
Saved /tmp/cobalt-inkling-pa5f7wi1/received/Inkling result.txt
The original remains on your reader.
Saved /tmp/cobalt-inkling-pa5f7wi1/received/Inkling result (2).txt
The original remains on your reader.
drive: every step passed; screenshots in /workspace/Cobalt/target/inkling-review/journey-elipsa-2e-389
drive: every step passed; screenshots in /workspace/Cobalt/target/inkling-review/journey-elipsa-2e-389
shot /workspace/Cobalt/target/inkling-review/journey-elipsa-2e-389/inkling-archive-list.png
drive: every step passed; screenshots in /workspace/Cobalt/target/inkling-review/journey-elipsa-2e-389
drive: every step passed; screenshots in /workspace/Cobalt/target/inkling-review/journey-elipsa-2e-389
shot /workspace/Cobalt/target/inkling-review/journey-elipsa-2e-389/inkling-archive.png
drive: every step passed; screenshots in /workspace/Cobalt/target/inkling-review/journey-elipsa-2e-389
drive: every step passed; screenshots in /workspace/Cobalt/target/inkling-review/journey-elipsa-2e-389
shot /workspace/Cobalt/target/inkling-review/journey-elipsa-2e-389/inkling-archive-solved.png
drive: every step passed; screenshots in /workspace/Cobalt/target/inkling-review/journey-elipsa-2e-389
drive: every step passed; screenshots in /workspace/Cobalt/target/inkling-review/journey-elipsa-2e-389
drive: every step passed; screenshots in /workspace/Cobalt/target/inkling-review/journey-elipsa-2e-389
Kobo app simulator: http://127.0.0.1:41351
drive: every step passed; screenshots in /workspace/Cobalt/target/inkling-review/journey-elipsa-2e-389
shot /workspace/Cobalt/target/inkling-review/journey-elipsa-2e-389/inkling-restored.png
drive: every step passed; screenshots in /workspace/Cobalt/target/inkling-review/journey-elipsa-2e-389
drive: every step passed; screenshots in /workspace/Cobalt/target/inkling-review/journey-elipsa-2e-389
