Kobo app simulator: http://127.0.0.1:38419
drive: every step passed; screenshots in docs/quality/evidence/appqa11/landscape-own-control/sudoku/clara-bw-391
drive: every step passed; screenshots in docs/quality/evidence/appqa11/landscape-own-control/sudoku/clara-bw-391
drive: every step passed; screenshots in docs/quality/evidence/appqa11/landscape-own-control/sudoku/clara-bw-391
shot docs/quality/evidence/appqa11/landscape-own-control/sudoku/clara-bw-391/16-landscape-restored.png
drive: every step passed; screenshots in docs/quality/evidence/appqa11/landscape-own-control/sudoku/clara-bw-391
drive: every step passed; screenshots in docs/quality/evidence/appqa11/landscape-own-control/sudoku/clara-bw-391
shot docs/quality/evidence/appqa11/landscape-own-control/sudoku/clara-bw-391/17-landscape-help-1.png
drive: every step passed; screenshots in docs/quality/evidence/appqa11/landscape-own-control/sudoku/clara-bw-391
drive: every step passed; screenshots in docs/quality/evidence/appqa11/landscape-own-control/sudoku/clara-bw-391
shot docs/quality/evidence/appqa11/landscape-own-control/sudoku/clara-bw-391/17-landscape-help-2.png
drive: every step passed; screenshots in docs/quality/evidence/appqa11/landscape-own-control/sudoku/clara-bw-391
drive: every step passed; screenshots in docs/quality/evidence/appqa11/landscape-own-control/sudoku/clara-bw-391
shot docs/quality/evidence/appqa11/landscape-own-control/sudoku/clara-bw-391/17-landscape-help-3.png
drive: every step passed; screenshots in docs/quality/evidence/appqa11/landscape-own-control/sudoku/clara-bw-391
drive: every step passed; screenshots in docs/quality/evidence/appqa11/landscape-own-control/sudoku/clara-bw-391
drive: every step passed; screenshots in docs/quality/evidence/appqa11/landscape-own-control/sudoku/clara-bw-391
shot docs/quality/evidence/appqa11/landscape-own-control/sudoku/clara-bw-391/route/sudoku-notes.png
shot docs/quality/evidence/appqa11/landscape-own-control/sudoku/clara-bw-391/route/sudoku-help.png
shot docs/quality/evidence/appqa11/landscape-own-control/sudoku/clara-bw-391/route/sudoku-game.png
drive: every step passed; screenshots in docs/quality/evidence/appqa11/landscape-own-control/sudoku/clara-bw-391/route
