Kobo app simulator: http://127.0.0.1:41827
drive: every step passed; screenshots in /home/sandbox/cobalt/target/sim-check/readlater-shelf
shot /home/sandbox/cobalt/target/sim-check/readlater-shelf/readlater-queue.png
drive: every step passed; screenshots in /home/sandbox/cobalt/target/sim-check/readlater-shelf
drive: every step passed; screenshots in /home/sandbox/cobalt/target/sim-check/readlater-shelf
shot /home/sandbox/cobalt/target/sim-check/readlater-shelf/readlater-article.png
drive: every step passed; screenshots in /home/sandbox/cobalt/target/sim-check/readlater-shelf
drive: every step passed; screenshots in /home/sandbox/cobalt/target/sim-check/readlater-shelf
shot /home/sandbox/cobalt/target/sim-check/readlater-shelf/readlater-page-2.png
drive: every step passed; screenshots in /home/sandbox/cobalt/target/sim-check/readlater-shelf
drive: every step passed; screenshots in /home/sandbox/cobalt/target/sim-check/readlater-shelf
drive: every step passed; screenshots in /home/sandbox/cobalt/target/sim-check/readlater-shelf
drive: every step passed; screenshots in /home/sandbox/cobalt/target/sim-check/readlater-shelf
drive: every step passed; screenshots in /home/sandbox/cobalt/target/sim-check/readlater-shelf
drive: every step passed; screenshots in /home/sandbox/cobalt/target/sim-check/readlater-shelf
drive: every step passed; screenshots in /home/sandbox/cobalt/target/sim-check/readlater-shelf
drive: every step passed; screenshots in /home/sandbox/cobalt/target/sim-check/readlater-shelf
drive: every step passed; screenshots in /home/sandbox/cobalt/target/sim-check/readlater-shelf
drive: every step passed; screenshots in /home/sandbox/cobalt/target/sim-check/readlater-shelf
shot /home/sandbox/cobalt/target/sim-check/readlater-shelf/readlater-starred-tab.png
drive: every step passed; screenshots in /home/sandbox/cobalt/target/sim-check/readlater-shelf
drive: every step passed; screenshots in /home/sandbox/cobalt/target/sim-check/readlater-shelf
shot /home/sandbox/cobalt/target/sim-check/readlater-shelf/readlater-archive-tab.png
drive: every step passed; screenshots in /home/sandbox/cobalt/target/sim-check/readlater-shelf
drive: every step passed; screenshots in /home/sandbox/cobalt/target/sim-check/readlater-shelf
Kobo app simulator: http://127.0.0.1:41813
drive: every step passed; screenshots in /home/sandbox/cobalt/target/sim-check/readlater-shelf
shot /home/sandbox/cobalt/target/sim-check/readlater-shelf/readlater-restored.png
drive: every step passed; screenshots in /home/sandbox/cobalt/target/sim-check/readlater-shelf
