Kobo app simulator: http://127.0.0.1:42059
drive: every step passed; screenshots in /workspace/Cobalt/target/inkling-review/journey-libra-colour-390-4.46.23836
shot /workspace/Cobalt/target/inkling-review/journey-libra-colour-390-4.46.23836/inkling-board.png
drive: every step passed; screenshots in /workspace/Cobalt/target/inkling-review/journey-libra-colour-390-4.46.23836
drive: every step passed; screenshots in /workspace/Cobalt/target/inkling-review/journey-libra-colour-390-4.46.23836
shot /workspace/Cobalt/target/inkling-review/journey-libra-colour-390-4.46.23836/inkling-help.png
drive: every step passed; screenshots in /workspace/Cobalt/target/inkling-review/journey-libra-colour-390-4.46.23836
drive: every step passed; screenshots in /workspace/Cobalt/target/inkling-review/journey-libra-colour-390-4.46.23836
drive: every step passed; screenshots in /workspace/Cobalt/target/inkling-review/journey-libra-colour-390-4.46.23836
drive: every step passed; screenshots in /workspace/Cobalt/target/inkling-review/journey-libra-colour-390-4.46.23836
drive: every step passed; screenshots in /workspace/Cobalt/target/inkling-review/journey-libra-colour-390-4.46.23836
shot /workspace/Cobalt/target/inkling-review/journey-libra-colour-390-4.46.23836/inkling-knowledge.png
drive: every step passed; screenshots in /workspace/Cobalt/target/inkling-review/journey-libra-colour-390-4.46.23836
drive: every step passed; screenshots in /workspace/Cobalt/target/inkling-review/journey-libra-colour-390-4.46.23836
shot /workspace/Cobalt/target/inkling-review/journey-libra-colour-390-4.46.23836/inkling-solved.png
drive: every step passed; screenshots in /workspace/Cobalt/target/inkling-review/journey-libra-colour-390-4.46.23836
drive: every step passed; screenshots in /workspace/Cobalt/target/inkling-review/journey-libra-colour-390-4.46.23836
shot /workspace/Cobalt/target/inkling-review/journey-libra-colour-390-4.46.23836/inkling-stats.png
drive: every step passed; screenshots in /workspace/Cobalt/target/inkling-review/journey-libra-colour-390-4.46.23836
drive: every step passed; screenshots in /workspace/Cobalt/target/inkling-review/journey-libra-colour-390-4.46.23836
Saved /tmp/cobalt-inkling-aedt4kgn/received/Inkling result.txt
The original remains on your reader.
Saved /tmp/cobalt-inkling-aedt4kgn/received/Inkling result (2).txt
The original remains on your reader.
drive: every step passed; screenshots in /workspace/Cobalt/target/inkling-review/journey-libra-colour-390-4.46.23836
drive: every step passed; screenshots in /workspace/Cobalt/target/inkling-review/journey-libra-colour-390-4.46.23836
shot /workspace/Cobalt/target/inkling-review/journey-libra-colour-390-4.46.23836/inkling-archive-list.png
drive: every step passed; screenshots in /workspace/Cobalt/target/inkling-review/journey-libra-colour-390-4.46.23836
drive: every step passed; screenshots in /workspace/Cobalt/target/inkling-review/journey-libra-colour-390-4.46.23836
shot /workspace/Cobalt/target/inkling-review/journey-libra-colour-390-4.46.23836/inkling-archive.png
drive: every step passed; screenshots in /workspace/Cobalt/target/inkling-review/journey-libra-colour-390-4.46.23836
drive: every step passed; screenshots in /workspace/Cobalt/target/inkling-review/journey-libra-colour-390-4.46.23836
shot /workspace/Cobalt/target/inkling-review/journey-libra-colour-390-4.46.23836/inkling-archive-solved.png
drive: every step passed; screenshots in /workspace/Cobalt/target/inkling-review/journey-libra-colour-390-4.46.23836
drive: every step passed; screenshots in /workspace/Cobalt/target/inkling-review/journey-libra-colour-390-4.46.23836
drive: every step passed; screenshots in /workspace/Cobalt/target/inkling-review/journey-libra-colour-390-4.46.23836
Kobo app simulator: http://127.0.0.1:35745
drive: every step passed; screenshots in /workspace/Cobalt/target/inkling-review/journey-libra-colour-390-4.46.23836
shot /workspace/Cobalt/target/inkling-review/journey-libra-colour-390-4.46.23836/inkling-restored.png
drive: every step passed; screenshots in /workspace/Cobalt/target/inkling-review/journey-libra-colour-390-4.46.23836
drive: every step passed; screenshots in /workspace/Cobalt/target/inkling-review/journey-libra-colour-390-4.46.23836
