Kobo app simulator: http://127.0.0.1:36449
drive: every step passed; screenshots in /home/sandbox/cobalt/docs/quality/evidence/flashcards
shot /home/sandbox/cobalt/docs/quality/evidence/flashcards/flashcards-first-use.png
drive: every step passed; screenshots in /home/sandbox/cobalt/docs/quality/evidence/flashcards
drive: every step passed; screenshots in /home/sandbox/cobalt/docs/quality/evidence/flashcards
drive: every step passed; screenshots in /home/sandbox/cobalt/docs/quality/evidence/flashcards
shot /home/sandbox/cobalt/docs/quality/evidence/flashcards/flashcards-sample-decks.png
drive: every step passed; screenshots in /home/sandbox/cobalt/docs/quality/evidence/flashcards
drive: every step passed; screenshots in /home/sandbox/cobalt/docs/quality/evidence/flashcards
shot /home/sandbox/cobalt/docs/quality/evidence/flashcards/flashcards-question.png
drive: every step passed; screenshots in /home/sandbox/cobalt/docs/quality/evidence/flashcards
drive: every step passed; screenshots in /home/sandbox/cobalt/docs/quality/evidence/flashcards
shot /home/sandbox/cobalt/docs/quality/evidence/flashcards/flashcards-answer.png
drive: every step passed; screenshots in /home/sandbox/cobalt/docs/quality/evidence/flashcards
drive: every step passed; screenshots in /home/sandbox/cobalt/docs/quality/evidence/flashcards
drive: every step passed; screenshots in /home/sandbox/cobalt/docs/quality/evidence/flashcards
drive: every step passed; screenshots in /home/sandbox/cobalt/docs/quality/evidence/flashcards
drive: every step passed; screenshots in /home/sandbox/cobalt/docs/quality/evidence/flashcards
shot /home/sandbox/cobalt/docs/quality/evidence/flashcards/flashcards-japanese.png
drive: every step passed; screenshots in /home/sandbox/cobalt/docs/quality/evidence/flashcards
drive: every step passed; screenshots in /home/sandbox/cobalt/docs/quality/evidence/flashcards
shot /home/sandbox/cobalt/docs/quality/evidence/flashcards/flashcards-japanese-answer.png
drive: every step passed; screenshots in /home/sandbox/cobalt/docs/quality/evidence/flashcards
drive: every step passed; screenshots in /home/sandbox/cobalt/docs/quality/evidence/flashcards
drive: every step passed; screenshots in /home/sandbox/cobalt/docs/quality/evidence/flashcards
drive: every step passed; screenshots in /home/sandbox/cobalt/docs/quality/evidence/flashcards
shot /home/sandbox/cobalt/docs/quality/evidence/flashcards/flashcards-long-answer.png
drive: every step passed; screenshots in /home/sandbox/cobalt/docs/quality/evidence/flashcards
drive: every step passed; screenshots in /home/sandbox/cobalt/docs/quality/evidence/flashcards
shot /home/sandbox/cobalt/docs/quality/evidence/flashcards/flashcards-complete.png
drive: every step passed; screenshots in /home/sandbox/cobalt/docs/quality/evidence/flashcards
Kobo app simulator: http://127.0.0.1:36977
drive: every step passed; screenshots in /home/sandbox/cobalt/docs/quality/evidence/flashcards
shot /home/sandbox/cobalt/docs/quality/evidence/flashcards/flashcards-restored.png
drive: every step passed; screenshots in /home/sandbox/cobalt/docs/quality/evidence/flashcards
Kobo app simulator: http://127.0.0.1:35683
drive: every step passed; screenshots in /home/sandbox/cobalt/docs/quality/evidence/flashcards
shot /home/sandbox/cobalt/docs/quality/evidence/flashcards/flashcards-imported.png
drive: every step passed; screenshots in /home/sandbox/cobalt/docs/quality/evidence/flashcards
drive: every step passed; screenshots in /home/sandbox/cobalt/docs/quality/evidence/flashcards
drive: every step passed; screenshots in /home/sandbox/cobalt/docs/quality/evidence/flashcards
shot /home/sandbox/cobalt/docs/quality/evidence/flashcards/flashcards-imported-answer.png
drive: every step passed; screenshots in /home/sandbox/cobalt/docs/quality/evidence/flashcards
Kobo app simulator: http://127.0.0.1:44555
drive: every step passed; screenshots in /home/sandbox/cobalt/docs/quality/evidence/flashcards
shot /home/sandbox/cobalt/docs/quality/evidence/flashcards/flashcards-merged-decks.png
drive: every step passed; screenshots in /home/sandbox/cobalt/docs/quality/evidence/flashcards
drive: every step passed; screenshots in /home/sandbox/cobalt/docs/quality/evidence/flashcards
drive: every step passed; screenshots in /home/sandbox/cobalt/docs/quality/evidence/flashcards
drive: every step passed; screenshots in /home/sandbox/cobalt/docs/quality/evidence/flashcards
drive: every step passed; screenshots in /home/sandbox/cobalt/docs/quality/evidence/flashcards
drive: every step passed; screenshots in /home/sandbox/cobalt/docs/quality/evidence/flashcards
shot /home/sandbox/cobalt/docs/quality/evidence/flashcards/flashcards-media-question.png
drive: every step passed; screenshots in /home/sandbox/cobalt/docs/quality/evidence/flashcards
drive: every step passed; screenshots in /home/sandbox/cobalt/docs/quality/evidence/flashcards
shot /home/sandbox/cobalt/docs/quality/evidence/flashcards/flashcards-media-answer.png
drive: every step passed; screenshots in /home/sandbox/cobalt/docs/quality/evidence/flashcards
drive: every step passed; screenshots in /home/sandbox/cobalt/docs/quality/evidence/flashcards
