Building 6 apps for runtime simulation…
Kobo runtime simulator: http://127.0.0.1:37203
layout warning: screen: 5 of the five inks on one screen;                  the panel does not resolve that many
drive: every step passed; screenshots in /workspace/cobalt-fix-evidence/runtime-100-verified
drive: every step passed; screenshots in /workspace/cobalt-fix-evidence/runtime-100-verified
drive: every step passed; screenshots in /workspace/cobalt-fix-evidence/runtime-100-verified
shot /workspace/cobalt-fix-evidence/runtime-100-verified/chat-latest.png
drive: every step passed; screenshots in /workspace/cobalt-fix-evidence/runtime-100-verified
drive: every step passed; screenshots in /workspace/cobalt-fix-evidence/runtime-100-verified
drive: every step passed; screenshots in /workspace/cobalt-fix-evidence/runtime-100-verified
drive: every step passed; screenshots in /workspace/cobalt-fix-evidence/runtime-100-verified
shot /workspace/cobalt-fix-evidence/runtime-100-verified/chat-first.png
drive: every step passed; screenshots in /workspace/cobalt-fix-evidence/runtime-100-verified
drive: every step passed; screenshots in /workspace/cobalt-fix-evidence/runtime-100-verified
drive: every step passed; screenshots in /workspace/cobalt-fix-evidence/runtime-100-verified
drive: every step passed; screenshots in /workspace/cobalt-fix-evidence/runtime-100-verified
shot /workspace/cobalt-fix-evidence/runtime-100-verified/chat-menu.png
drive: every step passed; screenshots in /workspace/cobalt-fix-evidence/runtime-100-verified
shot /workspace/cobalt-fix-evidence/runtime-100-verified/chat-service.png
drive: every step passed; screenshots in /workspace/cobalt-fix-evidence/runtime-100-verified
layout warning: screen: 5 of the five inks on one screen;                  the panel does not resolve that many
drive: every step passed; screenshots in /workspace/cobalt-fix-evidence/runtime-100-verified
layout warning: screen: 5 of the five inks on one screen;                  the panel does not resolve that many
drive: every step passed; screenshots in /workspace/cobalt-fix-evidence/runtime-100-verified
drive: every step passed; screenshots in /workspace/cobalt-fix-evidence/runtime-100-verified
drive: every step passed; screenshots in /workspace/cobalt-fix-evidence/runtime-100-verified
shot /workspace/cobalt-fix-evidence/runtime-100-verified/kitchen-settings.png
drive: every step passed; screenshots in /workspace/cobalt-fix-evidence/runtime-100-verified
drive: every step passed; screenshots in /workspace/cobalt-fix-evidence/runtime-100-verified
layout warning: screen: 5 of the five inks on one screen;                  the panel does not resolve that many
drive: every step passed; screenshots in /workspace/cobalt-fix-evidence/runtime-100-verified
layout warning: screen: 5 of the five inks on one screen;                  the panel does not resolve that many
drive: every step passed; screenshots in /workspace/cobalt-fix-evidence/runtime-100-verified
drive: every step passed; screenshots in /workspace/cobalt-fix-evidence/runtime-100-verified
drive: every step passed; screenshots in /workspace/cobalt-fix-evidence/runtime-100-verified
shot /workspace/cobalt-fix-evidence/runtime-100-verified/readlater-settings.png
drive: every step passed; screenshots in /workspace/cobalt-fix-evidence/runtime-100-verified
layout warning: screen: 5 of the five inks on one screen;                  the panel does not resolve that many
drive: every step passed; screenshots in /workspace/cobalt-fix-evidence/runtime-100-verified
layout warning: screen: 5 of the five inks on one screen;                  the panel does not resolve that many
drive: every step passed; screenshots in /workspace/cobalt-fix-evidence/runtime-100-verified
chat: stream I/O error: unexpected end of file
the application's connection ended: stream I/O error: unexpected end of file
drive: every step passed; screenshots in /workspace/cobalt-fix-evidence/runtime-100-verified
drive: every step passed; screenshots in /workspace/cobalt-fix-evidence/runtime-100-verified
shot /workspace/cobalt-fix-evidence/runtime-100-verified/parser-library.png
drive: every step passed; screenshots in /workspace/cobalt-fix-evidence/runtime-100-verified
shot /workspace/cobalt-fix-evidence/runtime-100-verified/parser-play.png
drive: every step passed; screenshots in /workspace/cobalt-fix-evidence/runtime-100-verified
shot /workspace/cobalt-fix-evidence/runtime-100-verified/parser-resumed.png
drive: every step passed; screenshots in /workspace/cobalt-fix-evidence/runtime-100-verified
layout warning: screen: 5 of the five inks on one screen;                  the panel does not resolve that many
drive: every step passed; screenshots in /workspace/cobalt-fix-evidence/runtime-100-verified
layout warning: screen: 5 of the five inks on one screen;                  the panel does not resolve that many
drive: every step passed; screenshots in /workspace/cobalt-fix-evidence/runtime-100-verified
kitchencard: stream I/O error: unexpected end of file
the application's connection ended: stream I/O error: unexpected end of file
drive: every step passed; screenshots in /workspace/cobalt-fix-evidence/runtime-100-verified
task 1 failed: Denied
drive: every step passed; screenshots in /workspace/cobalt-fix-evidence/runtime-100-verified
shot /workspace/cobalt-fix-evidence/runtime-100-verified/gutenbird.png
drive: every step passed; screenshots in /workspace/cobalt-fix-evidence/runtime-100-verified
drive: every step passed; screenshots in /workspace/cobalt-fix-evidence/runtime-100-verified
shot /workspace/cobalt-fix-evidence/runtime-100-verified/gutenbird-catalogs.png
layout warning: screen: 5 of the five inks on one screen;                  the panel does not resolve that many
drive: every step passed; screenshots in /workspace/cobalt-fix-evidence/runtime-100-verified
layout warning: screen: 5 of the five inks on one screen;                  the panel does not resolve that many
drive: every step passed; screenshots in /workspace/cobalt-fix-evidence/runtime-100-verified
