Kobo app simulator: http://127.0.0.1:38237
drive: every step passed; screenshots in /workspace/Cobalt/target/inkling-review/journey-libra-2-388
shot /workspace/Cobalt/target/inkling-review/journey-libra-2-388/inkling-board.png
drive: every step passed; screenshots in /workspace/Cobalt/target/inkling-review/journey-libra-2-388
drive: every step passed; screenshots in /workspace/Cobalt/target/inkling-review/journey-libra-2-388
shot /workspace/Cobalt/target/inkling-review/journey-libra-2-388/inkling-help.png
drive: every step passed; screenshots in /workspace/Cobalt/target/inkling-review/journey-libra-2-388
drive: every step passed; screenshots in /workspace/Cobalt/target/inkling-review/journey-libra-2-388
drive: every step passed; screenshots in /workspace/Cobalt/target/inkling-review/journey-libra-2-388
drive: every step passed; screenshots in /workspace/Cobalt/target/inkling-review/journey-libra-2-388
drive: every step passed; screenshots in /workspace/Cobalt/target/inkling-review/journey-libra-2-388
shot /workspace/Cobalt/target/inkling-review/journey-libra-2-388/inkling-knowledge.png
drive: every step passed; screenshots in /workspace/Cobalt/target/inkling-review/journey-libra-2-388
drive: every step passed; screenshots in /workspace/Cobalt/target/inkling-review/journey-libra-2-388
shot /workspace/Cobalt/target/inkling-review/journey-libra-2-388/inkling-solved.png
drive: every step passed; screenshots in /workspace/Cobalt/target/inkling-review/journey-libra-2-388
drive: every step passed; screenshots in /workspace/Cobalt/target/inkling-review/journey-libra-2-388
shot /workspace/Cobalt/target/inkling-review/journey-libra-2-388/inkling-stats.png
drive: every step passed; screenshots in /workspace/Cobalt/target/inkling-review/journey-libra-2-388
drive: every step passed; screenshots in /workspace/Cobalt/target/inkling-review/journey-libra-2-388
Saved /tmp/cobalt-inkling-lijax0f5/received/Inkling result.txt
The original remains on your reader.
Saved /tmp/cobalt-inkling-lijax0f5/received/Inkling result (2).txt
The original remains on your reader.
drive: every step passed; screenshots in /workspace/Cobalt/target/inkling-review/journey-libra-2-388
drive: every step passed; screenshots in /workspace/Cobalt/target/inkling-review/journey-libra-2-388
shot /workspace/Cobalt/target/inkling-review/journey-libra-2-388/inkling-archive-list.png
drive: every step passed; screenshots in /workspace/Cobalt/target/inkling-review/journey-libra-2-388
drive: every step passed; screenshots in /workspace/Cobalt/target/inkling-review/journey-libra-2-388
shot /workspace/Cobalt/target/inkling-review/journey-libra-2-388/inkling-archive.png
drive: every step passed; screenshots in /workspace/Cobalt/target/inkling-review/journey-libra-2-388
drive: every step passed; screenshots in /workspace/Cobalt/target/inkling-review/journey-libra-2-388
shot /workspace/Cobalt/target/inkling-review/journey-libra-2-388/inkling-archive-solved.png
drive: every step passed; screenshots in /workspace/Cobalt/target/inkling-review/journey-libra-2-388
drive: every step passed; screenshots in /workspace/Cobalt/target/inkling-review/journey-libra-2-388
drive: every step passed; screenshots in /workspace/Cobalt/target/inkling-review/journey-libra-2-388
Kobo app simulator: http://127.0.0.1:46817
drive: every step passed; screenshots in /workspace/Cobalt/target/inkling-review/journey-libra-2-388
shot /workspace/Cobalt/target/inkling-review/journey-libra-2-388/inkling-restored.png
drive: every step passed; screenshots in /workspace/Cobalt/target/inkling-review/journey-libra-2-388
drive: every step passed; screenshots in /workspace/Cobalt/target/inkling-review/journey-libra-2-388
