Kobo app simulator: http://127.0.0.1:36215
maybe-tap-id panel-next: not on this screen, skipping
layout warning: screen: 5 of the five inks on one screen;                  the panel does not resolve that many
layout warning: screen: 5 of the five inks on one screen;                  the panel does not resolve that many
layout warning: screen: 5 of the five inks on one screen;                  the panel does not resolve that many
layout warning: screen: 5 of the five inks on one screen;                  the panel does not resolve that many
layout warning: screen: 5 of the five inks on one screen;                  the panel does not resolve that many
layout warning: screen: 5 of the five inks on one screen;                  the panel does not resolve that many
layout warning: node 5: more than one primary action;                  if two are equally important then neither is primary
layout warning: node 5: more than one primary action;                  if two are equally important then neither is primary
layout warning: node 5: more than one primary action;                  if two are equally important then neither is primary
layout warning: screen: 5 of the five inks on one screen;                  the panel does not resolve that many
layout warning: screen: 5 of the five inks on one screen;                  the panel does not resolve that many
layout warning: screen: 5 of the five inks on one screen;                  the panel does not resolve that many
layout warning: screen: 5 of the five inks on one screen;                  the panel does not resolve that many
task 1 failed: Unreachable
layout warning: screen: 5 of the five inks on one screen;                  the panel does not resolve that many
layout warning: screen: 5 of the five inks on one screen;                  the panel does not resolve that many
layout warning: screen: 5 of the five inks on one screen;                  the panel does not resolve that many
layout warning: screen: 5 of the five inks on one screen;                  the panel does not resolve that many
drive: every step passed; screenshots in /home/sandbox/cobalt/docs/quality/evidence/appqa11/portrait/1264x1680/large/gallery/gallery-shots
