Kobo app simulator: http://127.0.0.1:35877
drive: every step passed; screenshots in /home/sandbox/cobalt/docs/quality/evidence/habits
shot /home/sandbox/cobalt/docs/quality/evidence/habits/habits-empty.png
drive: every step passed; screenshots in /home/sandbox/cobalt/docs/quality/evidence/habits
drive: every step passed; screenshots in /home/sandbox/cobalt/docs/quality/evidence/habits
drive: every step passed; screenshots in /home/sandbox/cobalt/docs/quality/evidence/habits
shot /home/sandbox/cobalt/docs/quality/evidence/habits/habits-today.png
drive: every step passed; screenshots in /home/sandbox/cobalt/docs/quality/evidence/habits
drive: every step passed; screenshots in /home/sandbox/cobalt/docs/quality/evidence/habits
shot /home/sandbox/cobalt/docs/quality/evidence/habits/habits-skipped.png
drive: every step passed; screenshots in /home/sandbox/cobalt/docs/quality/evidence/habits
drive: every step passed; screenshots in /home/sandbox/cobalt/docs/quality/evidence/habits
drive: every step passed; screenshots in /home/sandbox/cobalt/docs/quality/evidence/habits
shot /home/sandbox/cobalt/docs/quality/evidence/habits/habits-done.png
drive: every step passed; screenshots in /home/sandbox/cobalt/docs/quality/evidence/habits
drive: every step passed; screenshots in /home/sandbox/cobalt/docs/quality/evidence/habits
drive: every step passed; screenshots in /home/sandbox/cobalt/docs/quality/evidence/habits
shot /home/sandbox/cobalt/docs/quality/evidence/habits/habits-edit.png
drive: every step passed; screenshots in /home/sandbox/cobalt/docs/quality/evidence/habits
drive: every step passed; screenshots in /home/sandbox/cobalt/docs/quality/evidence/habits
drive: every step passed; screenshots in /home/sandbox/cobalt/docs/quality/evidence/habits
drive: every step passed; screenshots in /home/sandbox/cobalt/docs/quality/evidence/habits
drive: every step passed; screenshots in /home/sandbox/cobalt/docs/quality/evidence/habits
drive: every step passed; screenshots in /home/sandbox/cobalt/docs/quality/evidence/habits
shot /home/sandbox/cobalt/docs/quality/evidence/habits/habits-archived.png
drive: every step passed; screenshots in /home/sandbox/cobalt/docs/quality/evidence/habits
drive: every step passed; screenshots in /home/sandbox/cobalt/docs/quality/evidence/habits
drive: every step passed; screenshots in /home/sandbox/cobalt/docs/quality/evidence/habits
drive: every step passed; screenshots in /home/sandbox/cobalt/docs/quality/evidence/habits
Kobo app simulator: http://127.0.0.1:42107
drive: every step passed; screenshots in /home/sandbox/cobalt/docs/quality/evidence/habits
shot /home/sandbox/cobalt/docs/quality/evidence/habits/habits-stats.png
drive: every step passed; screenshots in /home/sandbox/cobalt/docs/quality/evidence/habits
drive: every step passed; screenshots in /home/sandbox/cobalt/docs/quality/evidence/habits
shot /home/sandbox/cobalt/docs/quality/evidence/habits/habits-settings.png
drive: every step passed; screenshots in /home/sandbox/cobalt/docs/quality/evidence/habits
drive: every step passed; screenshots in /home/sandbox/cobalt/docs/quality/evidence/habits
shot /home/sandbox/cobalt/docs/quality/evidence/habits/habits-export-offer.png
drive: every step passed; screenshots in /home/sandbox/cobalt/docs/quality/evidence/habits
drive: every step passed; screenshots in /home/sandbox/cobalt/docs/quality/evidence/habits
shot /home/sandbox/cobalt/docs/quality/evidence/habits/habits-export-ready.png
drive: every step passed; screenshots in /home/sandbox/cobalt/docs/quality/evidence/habits
Kobo app simulator: http://127.0.0.1:39799
drive: every step passed; screenshots in /home/sandbox/cobalt/docs/quality/evidence/habits
shot /home/sandbox/cobalt/docs/quality/evidence/habits/habits-restored.png
drive: every step passed; screenshots in /home/sandbox/cobalt/docs/quality/evidence/habits
