✔ an unacknowledged fallback is refused (0.877366ms)
✔ a dated acknowledgement of this snapshot is accepted until it expires (0.618054ms)
✔ moving the pin voids the acknowledgement of the old one (0.168435ms)
✔ an acknowledgement without a reason, a date or a snapshot is refused (0.173602ms)
✔ a run that says which snapshot and which day is taken at its word (0.229146ms)
✔ a run that cannot say which snapshot or which day is refused (0.386424ms)
✔ the refusal says what the blind spot is and how to accept it (0.268906ms)
✔ a pull request is checked against the catalog its base branch publishes (1.194154ms)
✔ a push is checked against the catalog its own branch publishes (0.220634ms)
✔ branches outside the release channels are checked against beta (0.17242ms)
✔ a tag refuses to guess a channel from its name (0.808992ms)
✔ an event that names no branch refuses to guess a channel (1.126432ms)
✔ apps without setup metadata keep the ordinary install page (1.081675ms)
✔ setup metadata renders escaped steps links and commands (0.643242ms)
✔ setup metadata rejects unsafe links and unknown fields (0.587007ms)
✔ setup metadata keeps pages short and scannable (0.2117ms)
✔ a concise contribution derives package and minimum Cobalt (3.404164ms)
✔ protocol and capability policy derive the strictest minimum (0.598404ms)
✔ contributors cannot supply a package name (0.248837ms)
✔ an explicit minimum Cobalt version can only raise the derived floor (4.542154ms)
✔ directory identity and versions fail with actionable errors (2.789946ms)
✔ local release manifest binds the derived metadata and exact binary (2.92515ms)
✔ the contributor baseline binds provenance to the exact catalog bytes (0.468017ms)
✔ the effective repository registry includes standalone contributions (86.571364ms)
✔ the one-command plan resolves source manifest package and protocol (67.966449ms)
✔ no workflow checks the empty base catalog instead of the collected registry (76.036659ms)
unknown build package kobo-not-registered
✔ accepts an unchanged app at the published version (6.405309ms)
✔ does not release unchanged apps for a policy-derived minimum bump (5.731452ms)
✔ requires a version bump when code or a dependency changes (1.141865ms)
✔ requires a version bump when public metadata changes (0.3248ms)
✔ accepts changed content with a new version and meaningful notes (0.315297ms)
✔ rejects downgraded and nonnumeric release versions (0.252452ms)
✔ requires release notes only for a new or changed release (0.581559ms)
✔ release note quality rejects placeholders (0.1458ms)
✔ matches runtime numeric version ordering (0.655411ms)
✔ selective builds include changed binaries manifests and new apps only (1.076407ms)
✔ catalog removal still requires publication without a build (0.17156ms)
✔ a new app is version-checked only against a catalog that already lists it (2.394659ms)
✔ changing an app ID to a different Cargo package is a release input (0.424722ms)
✔ rejects a minimum Cobalt release older than the package protocol (0.386264ms)
✔ accepts the first Cobalt release supporting the package protocol (0.106561ms)
✔ bounds command output above Cargo's default metadata limit (0.128214ms)
✔ manifest-only rebuilds must meet the current protocol minimum (0.198309ms)
✔ new packages must meet the current protocol minimum (0.213773ms)
✔ the intended Gallery and Zotero build selection passes final validation (4.718691ms)
✔ fallback expansion rejects a legacy app with an obsolete platform minimum (0.208305ms)
✔ fallback expansion rejects rebuilding an unchanged legacy app version (2.319155ms)
✔ apps workflow validates the final package matrix after fallback expansion (0.367856ms)
✔ the flags the apps workflow sends are ones the tool actually accepts (181.074535ms)
✔ release inputs ignore exclusively dev-only dependency edges (0.232912ms)
✔ release input discovery includes deleted paths (0.123737ms)
✔ standalone app metadata is compared as a manifest, not a binary input (0.071508ms)
✔ a drive script next to an application is not a release input (0.166031ms)
✔ prose beside an application is not a release input (0.139952ms)
✔ every drive script an application grows is still not a release input (0.111208ms)
✔ no drive script in this tree counts as a release input (1.836305ms)
✔ an app drawing a board the runtime learned late says which release it needs (17.199541ms)
✔ drive scripts do not count as unpublished Store catalog inputs (0.417521ms)
✔ workspace version and member additions do not change existing app release inputs (0.517101ms)
✔ replacing explicit app members with the equivalent app glob is not a release input (0.155716ms)
✔ workspace configuration changes still affect every app (0.13919ms)
✔ path dependency version-only manifest edits are not app release inputs (0.247384ms)
✔ only exact reviewed compatible blobs are excluded from app release inputs (0.356549ms)
✔ active protocol compatible-change entries name the exact current files (32.031266ms)
✔ responsive SDK release isolation covers only exact reviewed inputs (0.517181ms)
✔ Gutenbird test-only changes are isolated by exact reviewed blobs (0.267083ms)
✔ Lichess runtime prerequisites are isolated by exact reviewed blobs (0.276538ms)
✔ new lockfile package blocks do not change existing app release inputs (0.152681ms)
✔ Cargo.lock changes are isolated only after exact compatible review (0.202576ms)
✔ an app-local lock change affects that app and its true dependents only (0.465574ms)
✔ adding a package outside every Store app closure affects no app (0.250659ms)
✔ a shared dependency lock change affects every consuming Store app (0.134964ms)
✔ a changed shared workspace crate affects only its Store consumers (0.109205ms)
✔ a changed dependency version does not affect consumers of another version (0.135484ms)
✔ a lock change with no identifiable current package fails closed (0.190368ms)
✔ workspace package version-only lock changes affect no Store app (0.09264ms)
✔ non-build paths affect no Store package (68.774802ms)
✔ the previous complete-set artifact is still excluded from per-app reuse (0.197418ms)
✔ the standalone importer is isolated without changing device workspace inputs (61.639187ms)
✔ the Flashcards test-only exemption refuses a changed production blob (0.415148ms)
✔ both catalog gates share package-root exclusions without hiding nested source (0.214995ms)
✔ packaged source, manifests and toolchain pins reach readers only in a release (3.897139ms)
✔ Store-only applications and documentation reach readers without a release (0.224029ms)
✔ directory names are matched whole (0.106972ms)
✔ a mixed push reports only the paths that need a release (0.685746ms)
✔ the packaged binary list is read from the packaging code, not copied (1.068865ms)
✔ a packaged application outside the watched directories is named (0.2119ms)
✔ every package this tree ships to a device is inside the gate (1.976216ms)
✔ the report names the exact version bump that publishes the change (0.286804ms)
✔ version arithmetic refuses anything that is not a release number (0.612416ms)
✔ Store-only sources and the registry reach readers only in a catalog publication (75.216135ms)
✔ platform crates, device-only examples and documentation do not force a catalog publication (55.749678ms)
✔ directory names are matched whole (0.199461ms)
✔ a mixed push reports only the Store catalog inputs (59.558433ms)
✔ every catalog package in this tree is inside the gate (134.117725ms)
✔ the report names the catalog publication that carries the change (0.397361ms)
✔ Store-only and platform-only changes do not block each other (64.115079ms)
✔ the no-publication guard excludes host routes and package prose without hiding source (47.211455ms)
✔ only the exact bytes the key signed verify (5.438659ms)
✔ a malformed signature or key is never treated as valid (0.505504ms)
✔ a channel that matches this tree and carries its bundles passes (1.024698ms)
✔ a catalog offering a bundle the release does not carry fails (0.28499ms)
✔ a published version that is not the registered one fails (0.256898ms)
✔ apps missing from or left behind in the channel are both reported (0.264841ms)
✔ capability order is not a difference but capability content is (0.229908ms)
ℹ tests 105
ℹ suites 0
ℹ pass 105
ℹ fail 0
ℹ cancelled 0
ℹ skipped 0
ℹ todo 0
ℹ duration_ms 644.31902
