   Compiling simd-adler32 v0.3.10
   Compiling crc32fast v1.5.1
   Compiling autocfg v1.5.1
   Compiling zune-core v0.4.12
   Compiling miniz_oxide v0.9.1
   Compiling miniz_oxide v0.8.9
   Compiling fdeflate v0.3.7
   Compiling num-traits v0.2.19
   Compiling flate2 v1.1.10
   Compiling pxfm v0.1.30
   Compiling kobo-net v0.3.24 (/workspace/cobalt-fixes/crates/kobo-net)
   Compiling png v0.18.1
   Compiling zune-jpeg v0.4.21
   Compiling byteorder-lite v0.1.0
   Compiling bytemuck v1.25.2
   Compiling kobo-policy v0.3.24 (/workspace/cobalt-fixes/crates/kobo-policy)
   Compiling kobo-html v0.3.24 (/workspace/cobalt-fixes/crates/kobo-html)
   Compiling moxcms v0.7.11
   Compiling kobo-sdk v0.3.24 (/workspace/cobalt-fixes/crates/kobo-sdk)
   Compiling image v0.25.8
   Compiling kobo-image v0.3.24 (/workspace/cobalt-fixes/crates/kobo-image)
   Compiling kobo-readlater v0.1.0 (/workspace/cobalt-fixes/apps/readlater)
    Finished `test` profile [unoptimized + debuginfo] target(s) in 11.09s
     Running unittests src/main.rs (target/debug/deps/kobo_readlater-b290a1e9f4d4b55b)

running 1 test

thread 'identity_regression_tests::refreshed_queue_never_retargets_open_article_actions' panicked at apps/readlater/src/main.rs:2255:13:
assertion `left == right` failed
  left: 3
 right: 2
note: run with `RUST_BACKTRACE=1` environment variable to display a backtrace
test identity_regression_tests::refreshed_queue_never_retargets_open_article_actions ... FAILED

failures:

failures:
    identity_regression_tests::refreshed_queue_never_retargets_open_article_actions

test result: FAILED. 0 passed; 1 failed; 0 ignored; 0 measured; 32 filtered out; finished in 0.17s

error: test failed, to rerun pass `-p kobo-readlater --bin kobo-readlater`
