Kobo app simulator: http://127.0.0.1:35019
drive: every step passed; screenshots in /home/sandbox/cobalt/docs/quality/evidence/inkling
shot /home/sandbox/cobalt/docs/quality/evidence/inkling/inkling-board.png
drive: every step passed; screenshots in /home/sandbox/cobalt/docs/quality/evidence/inkling
drive: every step passed; screenshots in /home/sandbox/cobalt/docs/quality/evidence/inkling
shot /home/sandbox/cobalt/docs/quality/evidence/inkling/inkling-help.png
drive: every step passed; screenshots in /home/sandbox/cobalt/docs/quality/evidence/inkling
drive: every step passed; screenshots in /home/sandbox/cobalt/docs/quality/evidence/inkling
drive: every step passed; screenshots in /home/sandbox/cobalt/docs/quality/evidence/inkling
drive: every step passed; screenshots in /home/sandbox/cobalt/docs/quality/evidence/inkling
drive: every step passed; screenshots in /home/sandbox/cobalt/docs/quality/evidence/inkling
shot /home/sandbox/cobalt/docs/quality/evidence/inkling/inkling-knowledge.png
drive: every step passed; screenshots in /home/sandbox/cobalt/docs/quality/evidence/inkling
drive: every step passed; screenshots in /home/sandbox/cobalt/docs/quality/evidence/inkling
shot /home/sandbox/cobalt/docs/quality/evidence/inkling/inkling-solved.png
drive: every step passed; screenshots in /home/sandbox/cobalt/docs/quality/evidence/inkling
drive: every step passed; screenshots in /home/sandbox/cobalt/docs/quality/evidence/inkling
shot /home/sandbox/cobalt/docs/quality/evidence/inkling/inkling-stats.png
drive: every step passed; screenshots in /home/sandbox/cobalt/docs/quality/evidence/inkling
drive: every step passed; screenshots in /home/sandbox/cobalt/docs/quality/evidence/inkling
drive: every step passed; screenshots in /home/sandbox/cobalt/docs/quality/evidence/inkling
drive: every step passed; screenshots in /home/sandbox/cobalt/docs/quality/evidence/inkling
shot /home/sandbox/cobalt/docs/quality/evidence/inkling/inkling-archive-list.png
drive: every step passed; screenshots in /home/sandbox/cobalt/docs/quality/evidence/inkling
drive: every step passed; screenshots in /home/sandbox/cobalt/docs/quality/evidence/inkling
shot /home/sandbox/cobalt/docs/quality/evidence/inkling/inkling-archive.png
drive: every step passed; screenshots in /home/sandbox/cobalt/docs/quality/evidence/inkling
drive: every step passed; screenshots in /home/sandbox/cobalt/docs/quality/evidence/inkling
shot /home/sandbox/cobalt/docs/quality/evidence/inkling/inkling-archive-solved.png
drive: every step passed; screenshots in /home/sandbox/cobalt/docs/quality/evidence/inkling
drive: every step passed; screenshots in /home/sandbox/cobalt/docs/quality/evidence/inkling
drive: every step passed; screenshots in /home/sandbox/cobalt/docs/quality/evidence/inkling
Kobo app simulator: http://127.0.0.1:43489
drive: every step passed; screenshots in /home/sandbox/cobalt/docs/quality/evidence/inkling
shot /home/sandbox/cobalt/docs/quality/evidence/inkling/inkling-restored.png
drive: every step passed; screenshots in /home/sandbox/cobalt/docs/quality/evidence/inkling
drive: every step passed; screenshots in /home/sandbox/cobalt/docs/quality/evidence/inkling
