Kobo app simulator: http://127.0.0.1:35491
drive: every step passed; screenshots in /tmp/sudoku-evidence
drive: every step passed; screenshots in /tmp/sudoku-evidence
drive: every step passed; screenshots in /tmp/sudoku-evidence
shot /tmp/sudoku-evidence/16-landscape-restored.png
drive: every step passed; screenshots in /tmp/sudoku-evidence
drive: every step passed; screenshots in /tmp/sudoku-evidence
shot /tmp/sudoku-evidence/17-landscape-help-1.png
drive: every step passed; screenshots in /tmp/sudoku-evidence
drive: every step passed; screenshots in /tmp/sudoku-evidence
shot /tmp/sudoku-evidence/17-landscape-help-2.png
drive: every step passed; screenshots in /tmp/sudoku-evidence
drive: every step passed; screenshots in /tmp/sudoku-evidence
shot /tmp/sudoku-evidence/17-landscape-help-3.png
drive: every step passed; screenshots in /tmp/sudoku-evidence
drive: every step passed; screenshots in /tmp/sudoku-evidence
drive: every step passed; screenshots in /tmp/sudoku-evidence
shot /tmp/sudoku-evidence/route/sudoku-notes.png
shot /tmp/sudoku-evidence/route/sudoku-help.png
shot /tmp/sudoku-evidence/route/sudoku-game.png
drive: every step passed; screenshots in /tmp/sudoku-evidence/route
