    Checking allocator-api2 v0.2.21
    Checking zeroize v1.9.0
    Checking libc v0.2.189
    Checking cfg-if v1.0.4
    Checking equivalent v1.0.2
    Checking foldhash v0.1.5
    Checking rustls-pki-types v1.15.1
    Checking untrusted v0.9.0
    Checking unicode-width v0.2.2
    Checking hashbrown v0.15.5
    Checking unicode-segmentation v1.13.3
    Checking tinyvec_macros v0.1.1
    Checking tinyvec v1.12.0
    Checking subtle v2.6.1
    Checking kobo-ui v0.3.24 (/workspace/Cobalt/crates/kobo-ui)
    Checking once_cell v1.21.4
    Checking bytes v1.12.1
    Checking itoa v1.0.18
    Checking adler2 v2.0.1
    Checking miniz_oxide v0.9.1
    Checking getrandom v0.2.17
    Checking ring v0.17.14
    Checking http v1.5.0
    Checking unicode-normalization v0.1.25
    Checking libsqlite3-sys v0.35.0
    Checking hashlink v0.10.0
    Checking httparse v1.10.1
    Checking webpki-roots v1.0.9
    Checking fallible-streaming-iterator v0.1.9
    Checking ttf-parser v0.21.1
    Checking httpdate v1.0.3
    Checking rustls-webpki v0.103.15
    Checking kobo-json v0.3.24 (/workspace/Cobalt/crates/kobo-json)
    Checking fallible-iterator v0.3.0
    Checking rustls v0.23.45
    Checking smallvec v1.16.0
    Checking bitflags v2.13.1
    Checking rusqlite v0.37.0
    Checking fontdue v0.9.3
    Checking kobo-protocol v0.3.24 (/workspace/Cobalt/crates/kobo-protocol)
    Checking kobo-dict v0.3.24 (/workspace/Cobalt/crates/kobo-dict)
    Checking kobo-abi v0.3.24 (/workspace/Cobalt/crates/kobo-abi)
    Checking unicode-linebreak v0.1.5
    Checking kobo-text v0.3.24 (/workspace/Cobalt/crates/kobo-text)
    Checking kobo-state v0.3.24 (/workspace/Cobalt/crates/kobo-state)
    Checking kobo-net v0.3.24 (/workspace/Cobalt/crates/kobo-net)
    Checking kobo-policy v0.3.24 (/workspace/Cobalt/crates/kobo-policy)
    Checking kobo-sdk v0.3.24 (/workspace/Cobalt/crates/kobo-sdk)
    Checking kobo-inkling v0.2.0 (/workspace/Cobalt/apps/inkling)
    Finished `dev` profile [unoptimized] target(s) in 5.78s
