✔ an unacknowledged fallback is refused (0.884248ms)
✔ a dated acknowledgement of this snapshot is accepted until it expires (1.250622ms)
✔ moving the pin voids the acknowledgement of the old one (0.240744ms)
✔ an acknowledgement without a reason, a date or a snapshot is refused (0.179702ms)
✔ a run that says which snapshot and which day is taken at its word (0.182236ms)
✔ a run that cannot say which snapshot or which day is refused (0.472535ms)
✔ the refusal says what the blind spot is and how to accept it (0.171981ms)
✔ a pull request is checked against the catalog its base branch publishes (1.225705ms)
✔ a push is checked against the catalog its own branch publishes (0.175335ms)
✔ branches outside the release channels are checked against beta (0.147223ms)
✔ a tag refuses to guess a channel from its name (0.642812ms)
✔ an event that names no branch refuses to guess a channel (1.089539ms)
✔ apps without setup metadata keep the ordinary install page (0.854543ms)
✔ setup metadata renders escaped steps links and commands (0.375448ms)
✔ setup metadata rejects unsafe links and unknown fields (0.62162ms)
✔ setup metadata keeps pages short and scannable (0.159171ms)
✔ a concise contribution derives package and minimum Cobalt (3.162456ms)
✔ protocol and capability policy derive the strictest minimum (0.439615ms)
✔ contributors cannot supply a package name (0.139561ms)
✔ an explicit minimum Cobalt version can only raise the derived floor (2.986119ms)
✔ directory identity and versions fail with actionable errors (2.798334ms)
✔ local release manifest binds the derived metadata and exact binary (2.125807ms)
✔ the contributor baseline binds provenance to the exact catalog bytes (0.374877ms)
✔ the effective repository registry includes standalone contributions (58.35293ms)
✔ the one-command plan resolves source manifest package and protocol (57.194948ms)
✔ no workflow checks the empty base catalog instead of the collected registry (53.292002ms)
unknown build package kobo-not-registered
✔ accepts an unchanged app at the published version (2.078065ms)
✔ does not release unchanged apps for a policy-derived minimum bump (3.187523ms)
✔ requires a version bump when code or a dependency changes (0.525295ms)
✔ requires a version bump when public metadata changes (0.285903ms)
✔ accepts changed content with a new version and meaningful notes (0.292583ms)
✔ rejects downgraded and nonnumeric release versions (0.246584ms)
✔ requires release notes only for a new or changed release (0.830968ms)
✔ release note quality rejects placeholders (0.125861ms)
✔ matches runtime numeric version ordering (0.454358ms)
✔ selective builds include changed binaries manifests and new apps only (1.009778ms)
✔ catalog removal still requires publication without a build (0.208956ms)
✔ a new app is version-checked only against a catalog that already lists it (0.299603ms)
✔ changing an app ID to a different Cargo package is a release input (0.380516ms)
✔ rejects a minimum Cobalt release older than the package protocol (0.33724ms)
✔ accepts the first Cobalt release supporting the package protocol (0.11196ms)
✔ bounds command output above Cargo's default metadata limit (0.201555ms)
✔ manifest-only rebuilds must meet the current protocol minimum (0.150618ms)
✔ new packages must meet the current protocol minimum (0.236448ms)
✔ the intended Gallery and Zotero build selection passes final validation (3.063716ms)
✔ fallback expansion rejects a legacy app with an obsolete platform minimum (0.153252ms)
✔ fallback expansion rejects rebuilding an unchanged legacy app version (1.663127ms)
✔ apps workflow validates the final package matrix after fallback expansion (0.371573ms)
✔ the flags the apps workflow sends are ones the tool actually accepts (140.814863ms)
✔ release inputs ignore exclusively dev-only dependency edges (0.282067ms)
✔ release input discovery includes deleted paths (0.122265ms)
✔ standalone app metadata is compared as a manifest, not a binary input (0.117768ms)
✔ a drive script next to an application is not a release input (0.207153ms)
✔ prose beside an application is not a release input (0.120342ms)
✔ every drive script an application grows is still not a release input (0.136607ms)
✔ no drive script in this tree counts as a release input (1.272646ms)
✔ an app drawing a board the runtime learned late says which release it needs (19.421078ms)
✔ drive scripts do not count as unpublished Store catalog inputs (0.507828ms)
✔ workspace version and member additions do not change existing app release inputs (0.612367ms)
✔ replacing explicit app members with the equivalent app glob is not a release input (0.201795ms)
✔ workspace configuration changes still affect every app (0.13926ms)
✔ path dependency version-only manifest edits are not app release inputs (0.346224ms)
✔ only exact reviewed compatible blobs are excluded from app release inputs (0.493717ms)
✔ active protocol compatible-change entries name the exact current files (42.243844ms)
✔ responsive SDK release isolation covers only exact reviewed inputs (0.669954ms)
✔ Gutenbird test-only changes are isolated by exact reviewed blobs (0.323419ms)
✔ Lichess runtime prerequisites are isolated by exact reviewed blobs (0.302818ms)
✔ new lockfile package blocks do not change existing app release inputs (0.215135ms)
✔ Cargo.lock changes are isolated only after exact compatible review (0.258471ms)
✔ an app-local lock change affects that app and its true dependents only (0.698907ms)
✔ adding a package outside every Store app closure affects no app (0.280395ms)
✔ a shared dependency lock change affects every consuming Store app (0.167553ms)
✔ a changed shared workspace crate affects only its Store consumers (0.144118ms)
✔ a changed dependency version does not affect consumers of another version (0.234284ms)
✔ a lock change with no identifiable current package fails closed (0.234776ms)
✔ workspace package version-only lock changes affect no Store app (0.109776ms)
✔ non-build paths affect no Store package (59.155826ms)
✔ the previous complete-set artifact is still excluded from per-app reuse (0.188425ms)
✔ the standalone importer is isolated without changing device workspace inputs (48.759504ms)
✔ the Flashcards test-only exemption refuses a changed production blob (0.510232ms)
✔ both catalog gates share package-root exclusions without hiding nested source (0.248906ms)
✔ packaged source, manifests and toolchain pins reach readers only in a release (0.950729ms)
✔ Store-only applications and documentation reach readers without a release (0.308357ms)
✔ directory names are matched whole (0.125259ms)
✔ a mixed push reports only the paths that need a release (0.83273ms)
✔ the packaged binary list is read from the packaging code, not copied (0.605657ms)
✔ a packaged application outside the watched directories is named (0.207844ms)
✔ every package this tree ships to a device is inside the gate (2.368274ms)
✔ the report names the exact version bump that publishes the change (0.364231ms)
✔ version arithmetic refuses anything that is not a release number (0.220904ms)
✔ Store-only sources and the registry reach readers only in a catalog publication (69.083363ms)
✔ platform crates, device-only examples and documentation do not force a catalog publication (69.175066ms)
✔ directory names are matched whole (0.215866ms)
✔ a mixed push reports only the Store catalog inputs (56.524313ms)
✔ every catalog package in this tree is inside the gate (121.818668ms)
✔ the report names the catalog publication that carries the change (0.300024ms)
✔ Store-only and platform-only changes do not block each other (51.187939ms)
✔ the no-publication guard excludes host routes and package prose without hiding source (47.154585ms)
✔ only the exact bytes the key signed verify (6.695031ms)
✔ a malformed signature or key is never treated as valid (0.520108ms)
✔ a channel that matches this tree and carries its bundles passes (0.934935ms)
✔ a catalog offering a bundle the release does not carry fails (0.302949ms)
✔ a published version that is not the registered one fails (0.221054ms)
✔ apps missing from or left behind in the channel are both reported (0.275186ms)
✔ capability order is not a difference but capability content is (1.543325ms)
ℹ tests 105
ℹ suites 0
ℹ pass 105
ℹ fail 0
ℹ cancelled 0
ℹ skipped 0
ℹ todo 0
ℹ duration_ms 600.603594
