✔ an unacknowledged fallback is refused (1.205283ms)
✔ a dated acknowledgement of this snapshot is accepted until it expires (0.844939ms)
✔ moving the pin voids the acknowledgement of the old one (0.21108ms)
✔ an acknowledgement without a reason, a date or a snapshot is refused (0.261225ms)
✔ a run that says which snapshot and which day is taken at its word (0.29083ms)
✔ a run that cannot say which snapshot or which day is refused (0.612417ms)
✔ the refusal says what the blind spot is and how to accept it (0.243869ms)
✔ a pull request is checked against the catalog its base branch publishes (1.138693ms)
✔ a push is checked against the catalog its own branch publishes (0.228465ms)
✔ branches outside the release channels are checked against beta (0.154835ms)
✔ a tag refuses to guess a channel from its name (0.747501ms)
✔ an event that names no branch refuses to guess a channel (1.030139ms)
✔ apps without setup metadata keep the ordinary install page (0.757466ms)
✔ setup metadata renders escaped steps links and commands (0.405564ms)
✔ setup metadata rejects unsafe links and unknown fields (0.387086ms)
✔ setup metadata keeps pages short and scannable (0.156758ms)
✔ a concise contribution derives package and minimum Cobalt (2.272368ms)
✔ protocol and capability policy derive the strictest minimum (0.441738ms)
✔ contributors cannot supply a package name (0.140622ms)
✔ an explicit minimum Cobalt version can only raise the derived floor (2.884254ms)
✔ directory identity and versions fail with actionable errors (2.78257ms)
✔ local release manifest binds the derived metadata and exact binary (1.851721ms)
✔ the contributor baseline binds provenance to the exact catalog bytes (0.385894ms)
✔ the effective repository registry includes standalone contributions (58.182101ms)
✔ the one-command plan resolves source manifest package and protocol (53.992442ms)
✔ no workflow checks the empty base catalog instead of the collected registry (48.28767ms)
unknown build package kobo-not-registered
✔ accepts an unchanged app at the published version (2.621722ms)
✔ does not release unchanged apps for a policy-derived minimum bump (2.441434ms)
✔ requires a version bump when code or a dependency changes (0.571946ms)
✔ requires a version bump when public metadata changes (0.221195ms)
✔ accepts changed content with a new version and meaningful notes (0.268997ms)
✔ rejects downgraded and nonnumeric release versions (0.203147ms)
✔ requires release notes only for a new or changed release (0.419965ms)
✔ release note quality rejects placeholders (0.124348ms)
✔ matches runtime numeric version ordering (0.29101ms)
✔ selective builds include changed binaries manifests and new apps only (0.814272ms)
✔ catalog removal still requires publication without a build (0.156697ms)
✔ a new app is version-checked only against a catalog that already lists it (0.235216ms)
✔ changing an app ID to a different Cargo package is a release input (0.287275ms)
✔ rejects a minimum Cobalt release older than the package protocol (0.263018ms)
✔ accepts the first Cobalt release supporting the package protocol (0.090317ms)
✔ bounds command output above Cargo's default metadata limit (0.094273ms)
✔ manifest-only rebuilds must meet the current protocol minimum (0.130067ms)
✔ new packages must meet the current protocol minimum (0.169978ms)
✔ the intended Gallery and Zotero build selection passes final validation (3.308806ms)
✔ fallback expansion rejects a legacy app with an obsolete platform minimum (0.17851ms)
✔ fallback expansion rejects rebuilding an unchanged legacy app version (1.512228ms)
✔ apps workflow validates the final package matrix after fallback expansion (0.308677ms)
✔ the flags the apps workflow sends are ones the tool actually accepts (146.845071ms)
✔ release inputs ignore exclusively dev-only dependency edges (0.249708ms)
✔ release input discovery includes deleted paths (0.127413ms)
✔ standalone app metadata is compared as a manifest, not a binary input (0.078268ms)
✔ a drive script next to an application is not a release input (0.222597ms)
✔ prose beside an application is not a release input (0.152931ms)
✔ every drive script an application grows is still not a release input (0.122275ms)
✔ no drive script in this tree counts as a release input (1.301178ms)
✔ an app drawing a board the runtime learned late says which release it needs (23.125159ms)
✔ drive scripts do not count as unpublished Store catalog inputs (0.399624ms)
✔ workspace version and member additions do not change existing app release inputs (0.477513ms)
✔ replacing explicit app members with the equivalent app glob is not a release input (0.193443ms)
✔ workspace configuration changes still affect every app (0.162906ms)
✔ path dependency version-only manifest edits are not app release inputs (0.311451ms)
✔ only exact reviewed compatible blobs are excluded from app release inputs (0.389169ms)
✔ active protocol compatible-change entries name the exact current files (34.587282ms)
✔ responsive SDK release isolation covers only exact reviewed inputs (0.521259ms)
✔ Gutenbird test-only changes are isolated by exact reviewed blobs (0.233463ms)
✔ Lichess runtime prerequisites are isolated by exact reviewed blobs (0.219171ms)
✔ new lockfile package blocks do not change existing app release inputs (0.136637ms)
✔ Cargo.lock changes are isolated only after exact compatible review (0.377591ms)
✔ an app-local lock change affects that app and its true dependents only (0.872309ms)
✔ adding a package outside every Store app closure affects no app (0.297149ms)
✔ a shared dependency lock change affects every consuming Store app (0.221896ms)
✔ a changed shared workspace crate affects only its Store consumers (0.116947ms)
✔ a changed dependency version does not affect consumers of another version (0.141644ms)
✔ a lock change with no identifiable current package fails closed (0.228957ms)
✔ workspace package version-only lock changes affect no Store app (0.141234ms)
✔ non-build paths affect no Store package (54.318075ms)
✔ the previous complete-set artifact is still excluded from per-app reuse (0.226142ms)
✔ the standalone importer is isolated without changing device workspace inputs (42.824795ms)
✔ the Flashcards test-only exemption refuses a changed production blob (0.448519ms)
✔ both catalog gates share package-root exclusions without hiding nested source (0.223018ms)
✔ packaged source, manifests and toolchain pins reach readers only in a release (2.113738ms)
✔ Store-only applications and documentation reach readers without a release (0.273224ms)
✔ directory names are matched whole (0.154735ms)
✔ a mixed push reports only the paths that need a release (0.901514ms)
✔ the packaged binary list is read from the packaging code, not copied (0.829926ms)
✔ a packaged application outside the watched directories is named (0.278031ms)
✔ every package this tree ships to a device is inside the gate (2.414323ms)
✔ the report names the exact version bump that publishes the change (0.297601ms)
✔ version arithmetic refuses anything that is not a release number (0.232512ms)
✔ review capture drivers remain isolated and reproducible (124.86236ms)
✔ Store-only sources and the registry reach readers only in a catalog publication (59.906871ms)
✔ platform crates, device-only examples and documentation do not force a catalog publication (51.669357ms)
✔ directory names are matched whole (0.169417ms)
✔ a mixed push reports only the Store catalog inputs (56.125029ms)
✔ every catalog package in this tree is inside the gate (95.472823ms)
✔ the report names the catalog publication that carries the change (0.298892ms)
✔ Store-only and platform-only changes do not block each other (45.862401ms)
✔ the no-publication guard excludes host routes and package prose without hiding source (47.363683ms)
✔ only the exact bytes the key signed verify (8.339688ms)
✔ a malformed signature or key is never treated as valid (0.456872ms)
✔ a channel that matches this tree and carries its bundles passes (1.085322ms)
✔ a catalog offering a bundle the release does not carry fails (0.217439ms)
✔ a published version that is not the registered one fails (0.178069ms)
✔ apps missing from or left behind in the channel are both reported (3.521519ms)
✔ capability order is not a difference but capability content is (0.168995ms)
ℹ tests 106
ℹ suites 0
ℹ pass 106
ℹ fail 0
ℹ cancelled 0
ℹ skipped 0
ℹ todo 0
ℹ duration_ms 695.111473
