Kobo app simulator: http://127.0.0.1:45001
drive: every step passed; screenshots in /workspace/Cobalt/target/inkling-review/journey-clara-colour-393
shot /workspace/Cobalt/target/inkling-review/journey-clara-colour-393/inkling-board.png
drive: every step passed; screenshots in /workspace/Cobalt/target/inkling-review/journey-clara-colour-393
drive: every step passed; screenshots in /workspace/Cobalt/target/inkling-review/journey-clara-colour-393
shot /workspace/Cobalt/target/inkling-review/journey-clara-colour-393/inkling-help.png
drive: every step passed; screenshots in /workspace/Cobalt/target/inkling-review/journey-clara-colour-393
drive: every step passed; screenshots in /workspace/Cobalt/target/inkling-review/journey-clara-colour-393
drive: every step passed; screenshots in /workspace/Cobalt/target/inkling-review/journey-clara-colour-393
drive: every step passed; screenshots in /workspace/Cobalt/target/inkling-review/journey-clara-colour-393
drive: every step passed; screenshots in /workspace/Cobalt/target/inkling-review/journey-clara-colour-393
shot /workspace/Cobalt/target/inkling-review/journey-clara-colour-393/inkling-knowledge.png
drive: every step passed; screenshots in /workspace/Cobalt/target/inkling-review/journey-clara-colour-393
drive: every step passed; screenshots in /workspace/Cobalt/target/inkling-review/journey-clara-colour-393
shot /workspace/Cobalt/target/inkling-review/journey-clara-colour-393/inkling-solved.png
drive: every step passed; screenshots in /workspace/Cobalt/target/inkling-review/journey-clara-colour-393
drive: every step passed; screenshots in /workspace/Cobalt/target/inkling-review/journey-clara-colour-393
shot /workspace/Cobalt/target/inkling-review/journey-clara-colour-393/inkling-stats.png
drive: every step passed; screenshots in /workspace/Cobalt/target/inkling-review/journey-clara-colour-393
drive: every step passed; screenshots in /workspace/Cobalt/target/inkling-review/journey-clara-colour-393
Saved /tmp/cobalt-inkling-m2faqoom/received/Inkling result.txt
The original remains on your reader.
Saved /tmp/cobalt-inkling-m2faqoom/received/Inkling result (2).txt
The original remains on your reader.
drive: every step passed; screenshots in /workspace/Cobalt/target/inkling-review/journey-clara-colour-393
drive: every step passed; screenshots in /workspace/Cobalt/target/inkling-review/journey-clara-colour-393
shot /workspace/Cobalt/target/inkling-review/journey-clara-colour-393/inkling-archive-list.png
drive: every step passed; screenshots in /workspace/Cobalt/target/inkling-review/journey-clara-colour-393
drive: every step passed; screenshots in /workspace/Cobalt/target/inkling-review/journey-clara-colour-393
shot /workspace/Cobalt/target/inkling-review/journey-clara-colour-393/inkling-archive.png
drive: every step passed; screenshots in /workspace/Cobalt/target/inkling-review/journey-clara-colour-393
drive: every step passed; screenshots in /workspace/Cobalt/target/inkling-review/journey-clara-colour-393
shot /workspace/Cobalt/target/inkling-review/journey-clara-colour-393/inkling-archive-solved.png
drive: every step passed; screenshots in /workspace/Cobalt/target/inkling-review/journey-clara-colour-393
drive: every step passed; screenshots in /workspace/Cobalt/target/inkling-review/journey-clara-colour-393
drive: every step passed; screenshots in /workspace/Cobalt/target/inkling-review/journey-clara-colour-393
Kobo app simulator: http://127.0.0.1:36783
drive: every step passed; screenshots in /workspace/Cobalt/target/inkling-review/journey-clara-colour-393
shot /workspace/Cobalt/target/inkling-review/journey-clara-colour-393/inkling-restored.png
drive: every step passed; screenshots in /workspace/Cobalt/target/inkling-review/journey-clara-colour-393
drive: every step passed; screenshots in /workspace/Cobalt/target/inkling-review/journey-clara-colour-393
