Kobo app simulator: http://127.0.0.1:42941
drive: every step passed; screenshots in /home/sandbox/cobalt/target/sim-check/vault-shelf
shot /home/sandbox/cobalt/target/sim-check/vault-shelf/vault-home.png
drive: every step passed; screenshots in /home/sandbox/cobalt/target/sim-check/vault-shelf
drive: every step passed; screenshots in /home/sandbox/cobalt/target/sim-check/vault-shelf
shot /home/sandbox/cobalt/target/sim-check/vault-shelf/vault-browse.png
drive: every step passed; screenshots in /home/sandbox/cobalt/target/sim-check/vault-shelf
drive: every step passed; screenshots in /home/sandbox/cobalt/target/sim-check/vault-shelf
shot /home/sandbox/cobalt/target/sim-check/vault-shelf/vault-browse-folder.png
drive: every step passed; screenshots in /home/sandbox/cobalt/target/sim-check/vault-shelf
drive: every step passed; screenshots in /home/sandbox/cobalt/target/sim-check/vault-shelf
shot /home/sandbox/cobalt/target/sim-check/vault-shelf/vault-note.png
drive: every step passed; screenshots in /home/sandbox/cobalt/target/sim-check/vault-shelf
kobo: line 1: expect Final sentence of the long note: nothing on the screen says "Final sentence of the long note" (screen at /home/sandbox/cobalt/target/sim-check/vault-shelf/failed-line-1.png)
drive: every step passed; screenshots in /home/sandbox/cobalt/target/sim-check/vault-shelf
kobo: line 1: expect Final sentence of the long note: nothing on the screen says "Final sentence of the long note" (screen at /home/sandbox/cobalt/target/sim-check/vault-shelf/failed-line-1.png)
drive: every step passed; screenshots in /home/sandbox/cobalt/target/sim-check/vault-shelf
kobo: line 1: expect Final sentence of the long note: nothing on the screen says "Final sentence of the long note" (screen at /home/sandbox/cobalt/target/sim-check/vault-shelf/failed-line-1.png)
drive: every step passed; screenshots in /home/sandbox/cobalt/target/sim-check/vault-shelf
kobo: line 1: expect Final sentence of the long note: nothing on the screen says "Final sentence of the long note" (screen at /home/sandbox/cobalt/target/sim-check/vault-shelf/failed-line-1.png)
drive: every step passed; screenshots in /home/sandbox/cobalt/target/sim-check/vault-shelf
kobo: line 1: expect Final sentence of the long note: nothing on the screen says "Final sentence of the long note" (screen at /home/sandbox/cobalt/target/sim-check/vault-shelf/failed-line-1.png)
drive: every step passed; screenshots in /home/sandbox/cobalt/target/sim-check/vault-shelf
kobo: line 1: expect Final sentence of the long note: nothing on the screen says "Final sentence of the long note" (screen at /home/sandbox/cobalt/target/sim-check/vault-shelf/failed-line-1.png)
drive: every step passed; screenshots in /home/sandbox/cobalt/target/sim-check/vault-shelf
kobo: line 1: expect Final sentence of the long note: nothing on the screen says "Final sentence of the long note" (screen at /home/sandbox/cobalt/target/sim-check/vault-shelf/failed-line-1.png)
drive: every step passed; screenshots in /home/sandbox/cobalt/target/sim-check/vault-shelf
kobo: line 1: expect Final sentence of the long note: nothing on the screen says "Final sentence of the long note" (screen at /home/sandbox/cobalt/target/sim-check/vault-shelf/failed-line-1.png)
drive: every step passed; screenshots in /home/sandbox/cobalt/target/sim-check/vault-shelf
kobo: line 1: expect Final sentence of the long note: nothing on the screen says "Final sentence of the long note" (screen at /home/sandbox/cobalt/target/sim-check/vault-shelf/failed-line-1.png)
drive: every step passed; screenshots in /home/sandbox/cobalt/target/sim-check/vault-shelf
kobo: line 1: expect Final sentence of the long note: nothing on the screen says "Final sentence of the long note" (screen at /home/sandbox/cobalt/target/sim-check/vault-shelf/failed-line-1.png)
drive: every step passed; screenshots in /home/sandbox/cobalt/target/sim-check/vault-shelf
kobo: line 1: expect Final sentence of the long note: nothing on the screen says "Final sentence of the long note" (screen at /home/sandbox/cobalt/target/sim-check/vault-shelf/failed-line-1.png)
drive: every step passed; screenshots in /home/sandbox/cobalt/target/sim-check/vault-shelf
kobo: line 1: expect Final sentence of the long note: nothing on the screen says "Final sentence of the long note" (screen at /home/sandbox/cobalt/target/sim-check/vault-shelf/failed-line-1.png)
drive: every step passed; screenshots in /home/sandbox/cobalt/target/sim-check/vault-shelf
kobo: line 1: expect Final sentence of the long note: nothing on the screen says "Final sentence of the long note" (screen at /home/sandbox/cobalt/target/sim-check/vault-shelf/failed-line-1.png)
drive: every step passed; screenshots in /home/sandbox/cobalt/target/sim-check/vault-shelf
kobo: line 1: expect Final sentence of the long note: nothing on the screen says "Final sentence of the long note" (screen at /home/sandbox/cobalt/target/sim-check/vault-shelf/failed-line-1.png)
drive: every step passed; screenshots in /home/sandbox/cobalt/target/sim-check/vault-shelf
kobo: line 1: expect Final sentence of the long note: nothing on the screen says "Final sentence of the long note" (screen at /home/sandbox/cobalt/target/sim-check/vault-shelf/failed-line-1.png)
drive: every step passed; screenshots in /home/sandbox/cobalt/target/sim-check/vault-shelf
kobo: line 1: expect Final sentence of the long note: nothing on the screen says "Final sentence of the long note" (screen at /home/sandbox/cobalt/target/sim-check/vault-shelf/failed-line-1.png)
drive: every step passed; screenshots in /home/sandbox/cobalt/target/sim-check/vault-shelf
kobo: line 1: expect Final sentence of the long note: nothing on the screen says "Final sentence of the long note" (screen at /home/sandbox/cobalt/target/sim-check/vault-shelf/failed-line-1.png)
drive: every step passed; screenshots in /home/sandbox/cobalt/target/sim-check/vault-shelf
kobo: line 1: expect Final sentence of the long note: nothing on the screen says "Final sentence of the long note" (screen at /home/sandbox/cobalt/target/sim-check/vault-shelf/failed-line-1.png)
drive: every step passed; screenshots in /home/sandbox/cobalt/target/sim-check/vault-shelf
kobo: line 1: expect Final sentence of the long note: nothing on the screen says "Final sentence of the long note" (screen at /home/sandbox/cobalt/target/sim-check/vault-shelf/failed-line-1.png)
drive: every step passed; screenshots in /home/sandbox/cobalt/target/sim-check/vault-shelf
kobo: line 1: expect Final sentence of the long note: nothing on the screen says "Final sentence of the long note" (screen at /home/sandbox/cobalt/target/sim-check/vault-shelf/failed-line-1.png)
drive: every step passed; screenshots in /home/sandbox/cobalt/target/sim-check/vault-shelf
kobo: line 1: expect Final sentence of the long note: nothing on the screen says "Final sentence of the long note" (screen at /home/sandbox/cobalt/target/sim-check/vault-shelf/failed-line-1.png)
drive: every step passed; screenshots in /home/sandbox/cobalt/target/sim-check/vault-shelf
kobo: line 1: expect Final sentence of the long note: nothing on the screen says "Final sentence of the long note" (screen at /home/sandbox/cobalt/target/sim-check/vault-shelf/failed-line-1.png)
drive: every step passed; screenshots in /home/sandbox/cobalt/target/sim-check/vault-shelf
kobo: line 1: expect Final sentence of the long note: nothing on the screen says "Final sentence of the long note" (screen at /home/sandbox/cobalt/target/sim-check/vault-shelf/failed-line-1.png)
drive: every step passed; screenshots in /home/sandbox/cobalt/target/sim-check/vault-shelf
drive: every step passed; screenshots in /home/sandbox/cobalt/target/sim-check/vault-shelf
shot /home/sandbox/cobalt/target/sim-check/vault-shelf/vault-note-final.png
drive: every step passed; screenshots in /home/sandbox/cobalt/target/sim-check/vault-shelf
drive: every step passed; screenshots in /home/sandbox/cobalt/target/sim-check/vault-shelf
drive: every step passed; screenshots in /home/sandbox/cobalt/target/sim-check/vault-shelf
drive: every step passed; screenshots in /home/sandbox/cobalt/target/sim-check/vault-shelf
drive: every step passed; screenshots in /home/sandbox/cobalt/target/sim-check/vault-shelf
shot /home/sandbox/cobalt/target/sim-check/vault-shelf/vault-tags.png
drive: every step passed; screenshots in /home/sandbox/cobalt/target/sim-check/vault-shelf
drive: every step passed; screenshots in /home/sandbox/cobalt/target/sim-check/vault-shelf
shot /home/sandbox/cobalt/target/sim-check/vault-shelf/vault-tag-notes.png
drive: every step passed; screenshots in /home/sandbox/cobalt/target/sim-check/vault-shelf
drive: every step passed; screenshots in /home/sandbox/cobalt/target/sim-check/vault-shelf
drive: every step passed; screenshots in /home/sandbox/cobalt/target/sim-check/vault-shelf
shot /home/sandbox/cobalt/target/sim-check/vault-shelf/vault-search.png
drive: every step passed; screenshots in /home/sandbox/cobalt/target/sim-check/vault-shelf
drive: every step passed; screenshots in /home/sandbox/cobalt/target/sim-check/vault-shelf
drive: every step passed; screenshots in /home/sandbox/cobalt/target/sim-check/vault-shelf
shot /home/sandbox/cobalt/target/sim-check/vault-shelf/vault-note-welcome.png
drive: every step passed; screenshots in /home/sandbox/cobalt/target/sim-check/vault-shelf
drive: every step passed; screenshots in /home/sandbox/cobalt/target/sim-check/vault-shelf
shot /home/sandbox/cobalt/target/sim-check/vault-shelf/vault-backlinks.png
drive: every step passed; screenshots in /home/sandbox/cobalt/target/sim-check/vault-shelf
