drive: every step passed; screenshots in /tmp/hp-evidence
shot /tmp/hp-evidence/homepanel-setup.png
drive: every step passed; screenshots in /tmp/hp-evidence
drive: every step passed; screenshots in /tmp/hp-evidence
shot /tmp/hp-evidence/homepanel-empty.png
drive: every step passed; screenshots in /tmp/hp-evidence
kobo: line 2: wait-for Bedroom: waited 10s and nothing on the screen said "Bedroom" (screen at /tmp/hp-evidence/failed-line-2.png)
drive: every step passed; screenshots in /tmp/hp-evidence
shot /tmp/hp-evidence/homepanel-setup.png
drive: every step passed; screenshots in /tmp/hp-evidence
drive: every step passed; screenshots in /tmp/hp-evidence
shot /tmp/hp-evidence/homepanel-empty.png
drive: every step passed; screenshots in /tmp/hp-evidence
kobo: line 2: wait-for Bedroom: waited 10s and nothing on the screen said "Bedroom" (screen at /tmp/hp-evidence/failed-line-2.png)
drive: every step passed; screenshots in /tmp/hp-evidence
shot /tmp/hp-evidence/homepanel-setup.png
drive: every step passed; screenshots in /tmp/hp-evidence
drive: every step passed; screenshots in /tmp/hp-evidence
shot /tmp/hp-evidence/homepanel-empty.png
drive: every step passed; screenshots in /tmp/hp-evidence
kobo: line 2: wait-for Bedroom: waited 10s and nothing on the screen said "Bedroom" (screen at /tmp/hp-evidence/failed-line-2.png)
drive: every step passed; screenshots in /tmp/hp-evidence
shot /tmp/hp-evidence/homepanel-setup.png
drive: every step passed; screenshots in /tmp/hp-evidence
drive: every step passed; screenshots in /tmp/hp-evidence
shot /tmp/hp-evidence/homepanel-empty.png
drive: every step passed; screenshots in /tmp/hp-evidence
drive: every step passed; screenshots in /tmp/hp-evidence
drive: every step passed; screenshots in /tmp/hp-evidence
drive: every step passed; screenshots in /tmp/hp-evidence
drive: every step passed; screenshots in /tmp/hp-evidence
drive: every step passed; screenshots in /tmp/hp-evidence
shot /tmp/hp-evidence/homepanel-grid.png
drive: every step passed; screenshots in /tmp/hp-evidence
drive: every step passed; screenshots in /tmp/hp-evidence
shot /tmp/hp-evidence/homepanel-ack.png
drive: every step passed; screenshots in /tmp/hp-evidence
drive: every step passed; screenshots in /tmp/hp-evidence
shot /tmp/hp-evidence/homepanel-climate.png
drive: every step passed; screenshots in /tmp/hp-evidence
drive: every step passed; screenshots in /tmp/hp-evidence
shot /tmp/hp-evidence/homepanel-climate-warmer.png
drive: every step passed; screenshots in /tmp/hp-evidence
drive: every step passed; screenshots in /tmp/hp-evidence
drive: every step passed; screenshots in /tmp/hp-evidence
drive: every step passed; screenshots in /tmp/hp-evidence
kobo: line 4: wait-for fan removed.: waited 10s and nothing on the screen said "fan removed." (screen at /tmp/hp-evidence/failed-line-4.png)
drive: every step passed; screenshots in /tmp/hp-evidence
shot /tmp/hp-evidence/homepanel-setup.png
drive: every step passed; screenshots in /tmp/hp-evidence
drive: every step passed; screenshots in /tmp/hp-evidence
shot /tmp/hp-evidence/homepanel-empty.png
drive: every step passed; screenshots in /tmp/hp-evidence
drive: every step passed; screenshots in /tmp/hp-evidence
drive: every step passed; screenshots in /tmp/hp-evidence
drive: every step passed; screenshots in /tmp/hp-evidence
drive: every step passed; screenshots in /tmp/hp-evidence
drive: every step passed; screenshots in /tmp/hp-evidence
shot /tmp/hp-evidence/homepanel-grid.png
drive: every step passed; screenshots in /tmp/hp-evidence
drive: every step passed; screenshots in /tmp/hp-evidence
shot /tmp/hp-evidence/homepanel-ack.png
drive: every step passed; screenshots in /tmp/hp-evidence
drive: every step passed; screenshots in /tmp/hp-evidence
shot /tmp/hp-evidence/homepanel-climate.png
drive: every step passed; screenshots in /tmp/hp-evidence
drive: every step passed; screenshots in /tmp/hp-evidence
shot /tmp/hp-evidence/homepanel-climate-warmer.png
drive: every step passed; screenshots in /tmp/hp-evidence
drive: every step passed; screenshots in /tmp/hp-evidence
drive: every step passed; screenshots in /tmp/hp-evidence
drive: every step passed; screenshots in /tmp/hp-evidence
kobo: line 4: wait-for fan removed.: waited 10s and nothing on the screen said "fan removed." (screen at /tmp/hp-evidence/failed-line-4.png)
drive: every step passed; screenshots in /tmp/hp-evidence
shot /tmp/hp-evidence/homepanel-setup.png
drive: every step passed; screenshots in /tmp/hp-evidence
drive: every step passed; screenshots in /tmp/hp-evidence
shot /tmp/hp-evidence/homepanel-empty.png
drive: every step passed; screenshots in /tmp/hp-evidence
drive: every step passed; screenshots in /tmp/hp-evidence
drive: every step passed; screenshots in /tmp/hp-evidence
drive: every step passed; screenshots in /tmp/hp-evidence
drive: every step passed; screenshots in /tmp/hp-evidence
drive: every step passed; screenshots in /tmp/hp-evidence
shot /tmp/hp-evidence/homepanel-grid.png
drive: every step passed; screenshots in /tmp/hp-evidence
drive: every step passed; screenshots in /tmp/hp-evidence
shot /tmp/hp-evidence/homepanel-ack.png
drive: every step passed; screenshots in /tmp/hp-evidence
drive: every step passed; screenshots in /tmp/hp-evidence
shot /tmp/hp-evidence/homepanel-climate.png
drive: every step passed; screenshots in /tmp/hp-evidence
drive: every step passed; screenshots in /tmp/hp-evidence
shot /tmp/hp-evidence/homepanel-climate-warmer.png
drive: every step passed; screenshots in /tmp/hp-evidence
drive: every step passed; screenshots in /tmp/hp-evidence
drive: every step passed; screenshots in /tmp/hp-evidence
drive: every step passed; screenshots in /tmp/hp-evidence
drive: every step passed; screenshots in /tmp/hp-evidence
shot /tmp/hp-evidence/homepanel-edited.png
drive: every step passed; screenshots in /tmp/hp-evidence
drive: every step passed; screenshots in /tmp/hp-evidence
shot /tmp/hp-evidence/homepanel-wall.png
drive: every step passed; screenshots in /tmp/hp-evidence
drive: every step passed; screenshots in /tmp/hp-evidence
drive: every step passed; screenshots in /tmp/hp-evidence
shot /tmp/hp-evidence/homepanel-offline.png
drive: every step passed; screenshots in /tmp/hp-evidence
drive: every step passed; screenshots in /tmp/hp-evidence
shot /tmp/hp-evidence/homepanel-recovered.png
drive: every step passed; screenshots in /tmp/hp-evidence
drive: every step passed; screenshots in /tmp/hp-evidence
shot /tmp/hp-evidence/homepanel-restored.png
drive: every step passed; screenshots in /tmp/hp-evidence
drive: every step passed; screenshots in /home/sandbox/cobalt/docs/quality/evidence/homepanel
shot /home/sandbox/cobalt/docs/quality/evidence/homepanel/homepanel-setup.png
drive: every step passed; screenshots in /home/sandbox/cobalt/docs/quality/evidence/homepanel
drive: every step passed; screenshots in /home/sandbox/cobalt/docs/quality/evidence/homepanel
shot /home/sandbox/cobalt/docs/quality/evidence/homepanel/homepanel-empty.png
drive: every step passed; screenshots in /home/sandbox/cobalt/docs/quality/evidence/homepanel
drive: every step passed; screenshots in /home/sandbox/cobalt/docs/quality/evidence/homepanel
drive: every step passed; screenshots in /home/sandbox/cobalt/docs/quality/evidence/homepanel
drive: every step passed; screenshots in /home/sandbox/cobalt/docs/quality/evidence/homepanel
drive: every step passed; screenshots in /home/sandbox/cobalt/docs/quality/evidence/homepanel
drive: every step passed; screenshots in /home/sandbox/cobalt/docs/quality/evidence/homepanel
shot /home/sandbox/cobalt/docs/quality/evidence/homepanel/homepanel-grid.png
drive: every step passed; screenshots in /home/sandbox/cobalt/docs/quality/evidence/homepanel
drive: every step passed; screenshots in /home/sandbox/cobalt/docs/quality/evidence/homepanel
shot /home/sandbox/cobalt/docs/quality/evidence/homepanel/homepanel-ack.png
drive: every step passed; screenshots in /home/sandbox/cobalt/docs/quality/evidence/homepanel
drive: every step passed; screenshots in /home/sandbox/cobalt/docs/quality/evidence/homepanel
shot /home/sandbox/cobalt/docs/quality/evidence/homepanel/homepanel-climate.png
drive: every step passed; screenshots in /home/sandbox/cobalt/docs/quality/evidence/homepanel
drive: every step passed; screenshots in /home/sandbox/cobalt/docs/quality/evidence/homepanel
shot /home/sandbox/cobalt/docs/quality/evidence/homepanel/homepanel-climate-warmer.png
drive: every step passed; screenshots in /home/sandbox/cobalt/docs/quality/evidence/homepanel
drive: every step passed; screenshots in /home/sandbox/cobalt/docs/quality/evidence/homepanel
drive: every step passed; screenshots in /home/sandbox/cobalt/docs/quality/evidence/homepanel
drive: every step passed; screenshots in /home/sandbox/cobalt/docs/quality/evidence/homepanel
drive: every step passed; screenshots in /home/sandbox/cobalt/docs/quality/evidence/homepanel
shot /home/sandbox/cobalt/docs/quality/evidence/homepanel/homepanel-edited.png
drive: every step passed; screenshots in /home/sandbox/cobalt/docs/quality/evidence/homepanel
drive: every step passed; screenshots in /home/sandbox/cobalt/docs/quality/evidence/homepanel
shot /home/sandbox/cobalt/docs/quality/evidence/homepanel/homepanel-wall.png
drive: every step passed; screenshots in /home/sandbox/cobalt/docs/quality/evidence/homepanel
drive: every step passed; screenshots in /home/sandbox/cobalt/docs/quality/evidence/homepanel
drive: every step passed; screenshots in /home/sandbox/cobalt/docs/quality/evidence/homepanel
shot /home/sandbox/cobalt/docs/quality/evidence/homepanel/homepanel-offline.png
drive: every step passed; screenshots in /home/sandbox/cobalt/docs/quality/evidence/homepanel
drive: every step passed; screenshots in /home/sandbox/cobalt/docs/quality/evidence/homepanel
shot /home/sandbox/cobalt/docs/quality/evidence/homepanel/homepanel-recovered.png
drive: every step passed; screenshots in /home/sandbox/cobalt/docs/quality/evidence/homepanel
drive: every step passed; screenshots in /home/sandbox/cobalt/docs/quality/evidence/homepanel
shot /home/sandbox/cobalt/docs/quality/evidence/homepanel/homepanel-restored.png
drive: every step passed; screenshots in /home/sandbox/cobalt/docs/quality/evidence/homepanel
