warning: variable does not need to be mutable
    --> src/main.rs:1739:6
     |
1739 |  let mut context = _runner.context();
     |      ----^^^^^^^
     |      |
     |      help: remove this `mut`
     |
     = note: `#[warn(unused_mut)]` on by default

warning: function `capture_context` is never used
    --> src/main.rs:1716:4
     |
1716 | fn capture_context(name: &str, context: &kobo_sdk::Context, metrics: kobo_ui::DisplayMetrics) {
     |    ^^^^^^^^^^^^^^^
     |
     = note: `#[warn(dead_code)]` on by default

warning: `five-capture-chat` (bin "five-capture-chat" test) generated 2 warnings (run `cargo fix --bin "five-capture-chat" --tests` to apply 1 suggestion)
    Finished `test` profile [unoptimized] target(s) in 0.03s
     Running unittests src/main.rs (/workspace/cobalt-capture-target/debug/deps/five_capture_chat-85044acb3e0aa4ad)

running 1 test
test approved_fix_capture::approved_fix_capture ... ok

test result: ok. 1 passed; 0 failed; 0 ignored; 0 measured; 58 filtered out; finished in 2.15s

