Kobo app simulator: http://127.0.0.1:42989
drive: every step passed; screenshots in /workspace/Cobalt/target/inkling-review/journey-clara
shot /workspace/Cobalt/target/inkling-review/journey-clara/inkling-board.png
drive: every step passed; screenshots in /workspace/Cobalt/target/inkling-review/journey-clara
drive: every step passed; screenshots in /workspace/Cobalt/target/inkling-review/journey-clara
shot /workspace/Cobalt/target/inkling-review/journey-clara/inkling-help.png
drive: every step passed; screenshots in /workspace/Cobalt/target/inkling-review/journey-clara
drive: every step passed; screenshots in /workspace/Cobalt/target/inkling-review/journey-clara
drive: every step passed; screenshots in /workspace/Cobalt/target/inkling-review/journey-clara
drive: every step passed; screenshots in /workspace/Cobalt/target/inkling-review/journey-clara
drive: every step passed; screenshots in /workspace/Cobalt/target/inkling-review/journey-clara
shot /workspace/Cobalt/target/inkling-review/journey-clara/inkling-knowledge.png
drive: every step passed; screenshots in /workspace/Cobalt/target/inkling-review/journey-clara
drive: every step passed; screenshots in /workspace/Cobalt/target/inkling-review/journey-clara
shot /workspace/Cobalt/target/inkling-review/journey-clara/inkling-solved.png
drive: every step passed; screenshots in /workspace/Cobalt/target/inkling-review/journey-clara
drive: every step passed; screenshots in /workspace/Cobalt/target/inkling-review/journey-clara
shot /workspace/Cobalt/target/inkling-review/journey-clara/inkling-stats.png
drive: every step passed; screenshots in /workspace/Cobalt/target/inkling-review/journey-clara
drive: every step passed; screenshots in /workspace/Cobalt/target/inkling-review/journey-clara
Saved /tmp/cobalt-inkling-u91o5a79/received/Inkling result.txt
The original remains on your reader.
Saved /tmp/cobalt-inkling-u91o5a79/received/Inkling result (2).txt
The original remains on your reader.
drive: every step passed; screenshots in /workspace/Cobalt/target/inkling-review/journey-clara
drive: every step passed; screenshots in /workspace/Cobalt/target/inkling-review/journey-clara
shot /workspace/Cobalt/target/inkling-review/journey-clara/inkling-archive-list.png
drive: every step passed; screenshots in /workspace/Cobalt/target/inkling-review/journey-clara
drive: every step passed; screenshots in /workspace/Cobalt/target/inkling-review/journey-clara
shot /workspace/Cobalt/target/inkling-review/journey-clara/inkling-archive.png
drive: every step passed; screenshots in /workspace/Cobalt/target/inkling-review/journey-clara
drive: every step passed; screenshots in /workspace/Cobalt/target/inkling-review/journey-clara
shot /workspace/Cobalt/target/inkling-review/journey-clara/inkling-archive-solved.png
drive: every step passed; screenshots in /workspace/Cobalt/target/inkling-review/journey-clara
drive: every step passed; screenshots in /workspace/Cobalt/target/inkling-review/journey-clara
drive: every step passed; screenshots in /workspace/Cobalt/target/inkling-review/journey-clara
Kobo app simulator: http://127.0.0.1:38193
drive: every step passed; screenshots in /workspace/Cobalt/target/inkling-review/journey-clara
shot /workspace/Cobalt/target/inkling-review/journey-clara/inkling-restored.png
drive: every step passed; screenshots in /workspace/Cobalt/target/inkling-review/journey-clara
drive: every step passed; screenshots in /workspace/Cobalt/target/inkling-review/journey-clara
