Kobo app simulator: http://127.0.0.1:41485
drive: every step passed; screenshots in /home/sandbox/cobalt/target/sim-check/musicstand-shelf
shot /home/sandbox/cobalt/target/sim-check/musicstand-shelf/musicstand-library.png
drive: every step passed; screenshots in /home/sandbox/cobalt/target/sim-check/musicstand-shelf
drive: every step passed; screenshots in /home/sandbox/cobalt/target/sim-check/musicstand-shelf
shot /home/sandbox/cobalt/target/sim-check/musicstand-shelf/musicstand-stand-page.png
drive: every step passed; screenshots in /home/sandbox/cobalt/target/sim-check/musicstand-shelf
drive: every step passed; screenshots in /home/sandbox/cobalt/target/sim-check/musicstand-shelf
shot /home/sandbox/cobalt/target/sim-check/musicstand-shelf/musicstand-half-turn.png
drive: every step passed; screenshots in /home/sandbox/cobalt/target/sim-check/musicstand-shelf
drive: every step passed; screenshots in /home/sandbox/cobalt/target/sim-check/musicstand-shelf
drive: every step passed; screenshots in /home/sandbox/cobalt/target/sim-check/musicstand-shelf
shot /home/sandbox/cobalt/target/sim-check/musicstand-shelf/musicstand-zoom-staff.png
drive: every step passed; screenshots in /home/sandbox/cobalt/target/sim-check/musicstand-shelf
drive: every step passed; screenshots in /home/sandbox/cobalt/target/sim-check/musicstand-shelf
drive: every step passed; screenshots in /home/sandbox/cobalt/target/sim-check/musicstand-shelf
shot /home/sandbox/cobalt/target/sim-check/musicstand-shelf/musicstand-library-marked.png
drive: every step passed; screenshots in /home/sandbox/cobalt/target/sim-check/musicstand-shelf
drive: every step passed; screenshots in /home/sandbox/cobalt/target/sim-check/musicstand-shelf
shot /home/sandbox/cobalt/target/sim-check/musicstand-shelf/musicstand-setlists.png
drive: every step passed; screenshots in /home/sandbox/cobalt/target/sim-check/musicstand-shelf
drive: every step passed; screenshots in /home/sandbox/cobalt/target/sim-check/musicstand-shelf
shot /home/sandbox/cobalt/target/sim-check/musicstand-shelf/musicstand-setlist.png
drive: every step passed; screenshots in /home/sandbox/cobalt/target/sim-check/musicstand-shelf
drive: every step passed; screenshots in /home/sandbox/cobalt/target/sim-check/musicstand-shelf
