Kobo app simulator: http://127.0.0.1:38883
drive: every step passed; screenshots in /workspace/Cobalt/target/inkling-review/journey-libra-colour-390
shot /workspace/Cobalt/target/inkling-review/journey-libra-colour-390/inkling-board.png
drive: every step passed; screenshots in /workspace/Cobalt/target/inkling-review/journey-libra-colour-390
drive: every step passed; screenshots in /workspace/Cobalt/target/inkling-review/journey-libra-colour-390
shot /workspace/Cobalt/target/inkling-review/journey-libra-colour-390/inkling-help.png
drive: every step passed; screenshots in /workspace/Cobalt/target/inkling-review/journey-libra-colour-390
drive: every step passed; screenshots in /workspace/Cobalt/target/inkling-review/journey-libra-colour-390
drive: every step passed; screenshots in /workspace/Cobalt/target/inkling-review/journey-libra-colour-390
drive: every step passed; screenshots in /workspace/Cobalt/target/inkling-review/journey-libra-colour-390
drive: every step passed; screenshots in /workspace/Cobalt/target/inkling-review/journey-libra-colour-390
shot /workspace/Cobalt/target/inkling-review/journey-libra-colour-390/inkling-knowledge.png
drive: every step passed; screenshots in /workspace/Cobalt/target/inkling-review/journey-libra-colour-390
drive: every step passed; screenshots in /workspace/Cobalt/target/inkling-review/journey-libra-colour-390
shot /workspace/Cobalt/target/inkling-review/journey-libra-colour-390/inkling-solved.png
drive: every step passed; screenshots in /workspace/Cobalt/target/inkling-review/journey-libra-colour-390
drive: every step passed; screenshots in /workspace/Cobalt/target/inkling-review/journey-libra-colour-390
shot /workspace/Cobalt/target/inkling-review/journey-libra-colour-390/inkling-stats.png
drive: every step passed; screenshots in /workspace/Cobalt/target/inkling-review/journey-libra-colour-390
drive: every step passed; screenshots in /workspace/Cobalt/target/inkling-review/journey-libra-colour-390
Saved /tmp/cobalt-inkling-889i38xz/received/Inkling result.txt
The original remains on your reader.
Saved /tmp/cobalt-inkling-889i38xz/received/Inkling result (2).txt
The original remains on your reader.
drive: every step passed; screenshots in /workspace/Cobalt/target/inkling-review/journey-libra-colour-390
drive: every step passed; screenshots in /workspace/Cobalt/target/inkling-review/journey-libra-colour-390
shot /workspace/Cobalt/target/inkling-review/journey-libra-colour-390/inkling-archive-list.png
drive: every step passed; screenshots in /workspace/Cobalt/target/inkling-review/journey-libra-colour-390
drive: every step passed; screenshots in /workspace/Cobalt/target/inkling-review/journey-libra-colour-390
shot /workspace/Cobalt/target/inkling-review/journey-libra-colour-390/inkling-archive.png
drive: every step passed; screenshots in /workspace/Cobalt/target/inkling-review/journey-libra-colour-390
drive: every step passed; screenshots in /workspace/Cobalt/target/inkling-review/journey-libra-colour-390
shot /workspace/Cobalt/target/inkling-review/journey-libra-colour-390/inkling-archive-solved.png
drive: every step passed; screenshots in /workspace/Cobalt/target/inkling-review/journey-libra-colour-390
drive: every step passed; screenshots in /workspace/Cobalt/target/inkling-review/journey-libra-colour-390
drive: every step passed; screenshots in /workspace/Cobalt/target/inkling-review/journey-libra-colour-390
Kobo app simulator: http://127.0.0.1:34943
drive: every step passed; screenshots in /workspace/Cobalt/target/inkling-review/journey-libra-colour-390
shot /workspace/Cobalt/target/inkling-review/journey-libra-colour-390/inkling-restored.png
drive: every step passed; screenshots in /workspace/Cobalt/target/inkling-review/journey-libra-colour-390
drive: every step passed; screenshots in /workspace/Cobalt/target/inkling-review/journey-libra-colour-390
